Archive member included to satisfy reference by file (symbol)

c:/gcc-arm-none-eabi-10.3-2021.10/bin/../lib/gcc/arm-none-eabi/10.3.1/../../../../arm-none-eabi/lib/thumb/v7e-m/nofp\libstdc++.a(del_ops.o)
                              Libraries/FEHIO.o (operator delete(void*, unsigned int))
c:/gcc-arm-none-eabi-10.3-2021.10/bin/../lib/gcc/arm-none-eabi/10.3.1/../../../../arm-none-eabi/lib/thumb/v7e-m/nofp\libstdc++.a(new_op.o)
                              Libraries/FEHIO.o (operator new(unsigned int))
c:/gcc-arm-none-eabi-10.3-2021.10/bin/../lib/gcc/arm-none-eabi/10.3.1/../../../../arm-none-eabi/lib/thumb/v7e-m/nofp\libstdc++.a(allocator-inst.o)
                              ../main.o (std::allocator<char>::allocator())
c:/gcc-arm-none-eabi-10.3-2021.10/bin/../lib/gcc/arm-none-eabi/10.3.1/../../../../arm-none-eabi/lib/thumb/v7e-m/nofp\libstdc++.a(string-inst.o)
                              ../main.o (std::__cxx11::basic_string<char, std::char_traits<char>, std::allocator<char> >::~basic_string())
c:/gcc-arm-none-eabi-10.3-2021.10/bin/../lib/gcc/arm-none-eabi/10.3.1/../../../../arm-none-eabi/lib/thumb/v7e-m/nofp\libstdc++.a(bad_alloc.o)
                              c:/gcc-arm-none-eabi-10.3-2021.10/bin/../lib/gcc/arm-none-eabi/10.3.1/../../../../arm-none-eabi/lib/thumb/v7e-m/nofp\libstdc++.a(new_op.o) (std::bad_alloc::~bad_alloc())
c:/gcc-arm-none-eabi-10.3-2021.10/bin/../lib/gcc/arm-none-eabi/10.3.1/../../../../arm-none-eabi/lib/thumb/v7e-m/nofp\libstdc++.a(del_op.o)
                              c:/gcc-arm-none-eabi-10.3-2021.10/bin/../lib/gcc/arm-none-eabi/10.3.1/../../../../arm-none-eabi/lib/thumb/v7e-m/nofp\libstdc++.a(del_ops.o) (operator delete(void*))
c:/gcc-arm-none-eabi-10.3-2021.10/bin/../lib/gcc/arm-none-eabi/10.3.1/../../../../arm-none-eabi/lib/thumb/v7e-m/nofp\libstdc++.a(eh_alloc.o)
                              c:/gcc-arm-none-eabi-10.3-2021.10/bin/../lib/gcc/arm-none-eabi/10.3.1/../../../../arm-none-eabi/lib/thumb/v7e-m/nofp\libstdc++.a(new_op.o) (__cxa_allocate_exception)
c:/gcc-arm-none-eabi-10.3-2021.10/bin/../lib/gcc/arm-none-eabi/10.3.1/../../../../arm-none-eabi/lib/thumb/v7e-m/nofp\libstdc++.a(eh_arm.o)
                              c:/gcc-arm-none-eabi-10.3-2021.10/bin/../lib/gcc/arm-none-eabi/10.3.1/../../../../arm-none-eabi/lib/thumb/v7e-m/nofp\libstdc++.a(string-inst.o) (__cxa_end_cleanup)
c:/gcc-arm-none-eabi-10.3-2021.10/bin/../lib/gcc/arm-none-eabi/10.3.1/../../../../arm-none-eabi/lib/thumb/v7e-m/nofp\libstdc++.a(eh_catch.o)
                              c:/gcc-arm-none-eabi-10.3-2021.10/bin/../lib/gcc/arm-none-eabi/10.3.1/../../../../arm-none-eabi/lib/thumb/v7e-m/nofp\libstdc++.a(string-inst.o) (__cxa_begin_catch)
c:/gcc-arm-none-eabi-10.3-2021.10/bin/../lib/gcc/arm-none-eabi/10.3.1/../../../../arm-none-eabi/lib/thumb/v7e-m/nofp\libstdc++.a(eh_exception.o)
                              c:/gcc-arm-none-eabi-10.3-2021.10/bin/../lib/gcc/arm-none-eabi/10.3.1/../../../../arm-none-eabi/lib/thumb/v7e-m/nofp\libstdc++.a(bad_alloc.o) (std::exception::~exception())
c:/gcc-arm-none-eabi-10.3-2021.10/bin/../lib/gcc/arm-none-eabi/10.3.1/../../../../arm-none-eabi/lib/thumb/v7e-m/nofp\libstdc++.a(eh_globals.o)
                              c:/gcc-arm-none-eabi-10.3-2021.10/bin/../lib/gcc/arm-none-eabi/10.3.1/../../../../arm-none-eabi/lib/thumb/v7e-m/nofp\libstdc++.a(eh_catch.o) (__cxa_get_globals_fast)
c:/gcc-arm-none-eabi-10.3-2021.10/bin/../lib/gcc/arm-none-eabi/10.3.1/../../../../arm-none-eabi/lib/thumb/v7e-m/nofp\libstdc++.a(eh_personality.o)
                              c:/gcc-arm-none-eabi-10.3-2021.10/bin/../lib/gcc/arm-none-eabi/10.3.1/../../../../arm-none-eabi/lib/thumb/v7e-m/nofp\libstdc++.a(string-inst.o) (__gxx_personality_v0)
c:/gcc-arm-none-eabi-10.3-2021.10/bin/../lib/gcc/arm-none-eabi/10.3.1/../../../../arm-none-eabi/lib/thumb/v7e-m/nofp\libstdc++.a(eh_terminate.o)
                              c:/gcc-arm-none-eabi-10.3-2021.10/bin/../lib/gcc/arm-none-eabi/10.3.1/../../../../arm-none-eabi/lib/thumb/v7e-m/nofp\libstdc++.a(eh_alloc.o) (std::terminate())
c:/gcc-arm-none-eabi-10.3-2021.10/bin/../lib/gcc/arm-none-eabi/10.3.1/../../../../arm-none-eabi/lib/thumb/v7e-m/nofp\libstdc++.a(eh_throw.o)
                              c:/gcc-arm-none-eabi-10.3-2021.10/bin/../lib/gcc/arm-none-eabi/10.3.1/../../../../arm-none-eabi/lib/thumb/v7e-m/nofp\libstdc++.a(new_op.o) (__cxa_throw)
c:/gcc-arm-none-eabi-10.3-2021.10/bin/../lib/gcc/arm-none-eabi/10.3.1/../../../../arm-none-eabi/lib/thumb/v7e-m/nofp\libstdc++.a(eh_unex_handler.o)
                              c:/gcc-arm-none-eabi-10.3-2021.10/bin/../lib/gcc/arm-none-eabi/10.3.1/../../../../arm-none-eabi/lib/thumb/v7e-m/nofp\libstdc++.a(eh_terminate.o) (__cxxabiv1::__unexpected_handler)
c:/gcc-arm-none-eabi-10.3-2021.10/bin/../lib/gcc/arm-none-eabi/10.3.1/../../../../arm-none-eabi/lib/thumb/v7e-m/nofp\libstdc++.a(new_handler.o)
[...]
Memory Configuration

Name             Origin             Length             Attributes
PROGRAM_FLASH    0x0000c000         0x00073c00         xr
SRAM_UPPER       0x20000000         0x00010000         xrw
SRAM_LOWER       0x1fff0000         0x00010000         xrw
*default*        0x00000000         0xffffffff

Linker script and memory map

LOAD c:/gcc-arm-none-eabi-10.3-2021.10/bin/../lib/gcc/arm-none-eabi/10.3.1/thumb/v7e-m/nofp/crti.o
LOAD c:/gcc-arm-none-eabi-10.3-2021.10/bin/../lib/gcc/arm-none-eabi/10.3.1/thumb/v7e-m/nofp/crtbegin.o
LOAD c:/gcc-arm-none-eabi-10.3-2021.10/bin/../lib/gcc/arm-none-eabi/10.3.1/../../../../arm-none-eabi/lib/thumb/v7e-m/nofp/crt0.o
LOAD ../main.o
LOAD Startup/startup_mk60d10.o
LOAD Libraries/FEHMotor.o
LOAD Drivers/mcg.o
LOAD Drivers/i2c.o
LOAD Drivers/spi.o
LOAD Drivers/uart.o
LOAD Drivers/ff.o
LOAD Drivers/SDHC.o
LOAD Drivers/lptmr.o
LOAD FEHProteus.o
LOAD Drivers/FEHPropeller.o
LOAD Libraries/FEHUtility.o
LOAD Libraries/FEHIO.o
LOAD Drivers/adc16.o
LOAD Libraries/FEHBuzzer.o
LOAD Libraries/FEHServo.o
LOAD Libraries/FEHLCD.o
LOAD Libraries/FEHAccel.o
LOAD Libraries/FEHBattery.o
LOAD Drivers/FEHXBee.o
LOAD Libraries/FEHRPS.o
LOAD Libraries/FEHSD.o
LOAD Libraries/FEHRandom.o
LOAD c:/gcc-arm-none-eabi-10.3-2021.10/bin/../lib/gcc/arm-none-eabi/10.3.1/../../../../arm-none-eabi/lib/thumb/v7e-m/nofp\libstdc++.a
LOAD c:/gcc-arm-none-eabi-10.3-2021.10/bin/../lib/gcc/arm-none-eabi/10.3.1/../../../../arm-none-eabi/lib/thumb/v7e-m/nofp\libm.a
START GROUP
LOAD c:/gcc-arm-none-eabi-10.3-2021.10/bin/../lib/gcc/arm-none-eabi/10.3.1/thumb/v7e-m/nofp\libgcc.a
LOAD c:/gcc-arm-none-eabi-10.3-2021.10/bin/../lib/gcc/arm-none-eabi/10.3.1/../../../../arm-none-eabi/lib/thumb/v7e-m/nofp\libg.a
LOAD c:/gcc-arm-none-eabi-10.3-2021.10/bin/../lib/gcc/arm-none-eabi/10.3.1/../../../../arm-none-eabi/lib/thumb/v7e-m/nofp\libc.a
END GROUP
START GROUP
LOAD c:/gcc-arm-none-eabi-10.3-2021.10/bin/../lib/gcc/arm-none-eabi/10.3.1/thumb/v7e-m/nofp\libgcc.a
LOAD c:/gcc-arm-none-eabi-10.3-2021.10/bin/../lib/gcc/arm-none-eabi/10.3.1/../../../../arm-none-eabi/lib/thumb/v7e-m/nofp\libc.a
LOAD c:/gcc-arm-none-eabi-10.3-2021.10/bin/../lib/gcc/arm-none-eabi/10.3.1/../../../../arm-none-eabi/lib/thumb/v7e-m/nofp\libnosys.a
END GROUP
LOAD c:/gcc-arm-none-eabi-10.3-2021.10/bin/../lib/gcc/arm-none-eabi/10.3.1/thumb/v7e-m/nofp/crtend.o
LOAD c:/gcc-arm-none-eabi-10.3-2021.10/bin/../lib/gcc/arm-none-eabi/10.3.1/thumb/v7e-m/nofp/crtn.o
                0x0000c000                __base_PROGRAM_FLASH = 0xc000
                0x0000c000                __base_Flash = 0xc000
                0x0007fc00                __top_PROGRAM_FLASH = 0x7fc00
                0x0007fc00                __top_Flash = 0x7fc00
                0x20000000                __base_SRAM_UPPER = 0x20000000
                0x20000000                __base_RAM = 0x20000000
                0x20010000                __top_SRAM_UPPER = 0x20010000
                0x20010000                __top_RAM = 0x20010000
                0x1fff0000                __base_SRAM_LOWER = 0x1fff0000
                0x1fff0000                __base_RAM2 = 0x1fff0000
                0x20000000                __top_SRAM_LOWER = 0x20000000
                0x20000000                __top_RAM2 = 0x20000000

.text           0x0000c000      0x410
 FILL mask 0xff
                0x0000c000                __vectors_start__ = ABSOLUTE (.)
 *(.isr_vector)
 .isr_vector    0x0000c000      0x1bc Startup/startup_mk60d10.o
                0x0000c000                g_pfnVectors
                0x0000c000                __Vectors
                0x0000c1bc                . = ALIGN (0x4)
                0x0000c1bc                __section_table_start = .
                0x0000c1bc                __data_section_table = .
                0x0000c1bc        0x4 LONG 0x239f0 LOADADDR (.data)
                0x0000c1c0        0x4 LONG 0x20000000 ADDR (.data)
                0x0000c1c4        0x4 LONG 0x16d0 SIZEOF (.data)
                0x0000c1c8        0x4 LONG 0x239f0 LOADADDR (.data_RAM2)
                0x0000c1cc        0x4 LONG 0x1fff0000 ADDR (.data_RAM2)
                0x0000c1d0        0x4 LONG 0x0 SIZEOF (.data_RAM2)
                0x0000c1d4                __data_section_table_end = .
                0x0000c1d4                __bss_section_table = .
                0x0000c1d4        0x4 LONG 0x200016d0 ADDR (.bss)
                0x0000c1d8        0x4 LONG 0x494 SIZEOF (.bss)
                0x0000c1dc        0x4 LONG 0x1fff0000 ADDR (.bss_RAM2)
                0x0000c1e0        0x4 LONG 0x0 SIZEOF (.bss_RAM2)
                0x0000c1e4                __bss_section_table_end = .
                0x0000c1e4                __section_table_end = .
 *(.after_vectors*)
 .after_vectors.init_data
                0x0000c1e4       0x42 Startup/startup_mk60d10.o
                0x0000c1e4                data_init(unsigned int, unsigned int, unsigned int)
 .after_vectors.init_bss
                0x0000c226       0x36 Startup/startup_mk60d10.o
                0x0000c226                bss_init(unsigned int, unsigned int)
 .after_vectors.reset
                0x0000c25c       0xb4 Startup/startup_mk60d10.o
                0x0000c25c                ResetISR
 .after_vectors
                0x0000c310       0x3c Startup/startup_mk60d10.o
                0x0000c310                NMI_Handler
                0x0000c316                HardFault_Handler
                0x0000c31c                MemManage_Handler
                0x0000c322                BusFault_Handler
                0x0000c328                UsageFault_Handler
                0x0000c32e                SVC_Handler
                0x0000c334                DebugMon_Handler
                0x0000c33a                PendSV_Handler
                0x0000c340                SysTick_Handler
                0x0000c346                DMA_Error_DriverIRQHandler
                0x0000c346                LPTMR0_DriverIRQHandler
                0x0000c346                FTM1_DriverIRQHandler
                0x0000c346                FTM2_DriverIRQHandler
                0x0000c346                PIT2_DriverIRQHandler
                0x0000c346                SDHC_DriverIRQHandler
                0x0000c346                I2S0_Tx_DriverIRQHandler
                0x0000c346                TSI0_DriverIRQHandler
                0x0000c346                RTC_Seconds_DriverIRQHandler
                0x0000c346                Reserved109_DriverIRQHandler
                0x0000c346                DMA6_DriverIRQHandler
                0x0000c346                LLWU_DriverIRQHandler
                0x0000c346                MCM_DriverIRQHandler
                0x0000c346                MCG_DriverIRQHandler
                0x0000c346                ENET_1588_Timer_DriverIRQHandler
                0x0000c346                DAC1_DriverIRQHandler
                0x0000c346                SPI1_DriverIRQHandler
                0x0000c346                CMP1_DriverIRQHandler
                0x0000c346                UART5_RX_TX_DriverIRQHandler
                0x0000c346                FTM0_DriverIRQHandler
                0x0000c346                IntDefaultHandler
                0x0000c346                USB0_DriverIRQHandler
                0x0000c346                UART5_ERR_DriverIRQHandler
                0x0000c346                DMA11_DriverIRQHandler
                0x0000c346                DAC0_DriverIRQHandler
                0x0000c346                DMA10_DriverIRQHandler
                0x0000c346                CMP2_DriverIRQHandler
                0x0000c346                UART2_ERR_DriverIRQHandler
                0x0000c346                SPI2_DriverIRQHandler
                0x0000c346                LVD_LVW_DriverIRQHandler
                0x0000c346                RNG_DriverIRQHandler
                0x0000c346                DMA12_DriverIRQHandler
                0x0000c346                DMA4_DriverIRQHandler
                0x0000c346                UART2_RX_TX_DriverIRQHandler
                0x0000c346                USBDCD_DriverIRQHandler
                0x0000c346                UART3_ERR_DriverIRQHandler
                0x0000c346                DMA3_DriverIRQHandler
                0x0000c346                DMA8_DriverIRQHandler
                0x0000c346                DMA9_DriverIRQHandler
                0x0000c346                UART0_ERR_DriverIRQHandler
                0x0000c346                CMT_DriverIRQHandler
                0x0000c346                ADC1_DriverIRQHandler
                0x0000c346                DMA14_DriverIRQHandler
                0x0000c346                PIT3_DriverIRQHandler
                0x0000c346                PIT1_DriverIRQHandler
                0x0000c346                WDOG_EWM_DriverIRQHandler
                0x0000c346                PDB0_DriverIRQHandler
                0x0000c346                Reserved95_DriverIRQHandler
                0x0000c346                RTC_DriverIRQHandler
                0x0000c346                I2S0_Rx_DriverIRQHandler
                0x0000c346                Read_Collision_DriverIRQHandler
                0x0000c346                SWI_DriverIRQHandler
                0x0000c346                UART4_RX_TX_DriverIRQHandler
                0x0000c346                UART4_ERR_DriverIRQHandler
                0x0000c346                DMA0_DriverIRQHandler
                0x0000c346                UART0_LON_DriverIRQHandler
                0x0000c346                Reserved102_DriverIRQHandler
                0x0000c346                DMA1_DriverIRQHandler
                0x0000c346                I2C1_DriverIRQHandler
                0x0000c346                UART3_RX_TX_DriverIRQHandler
                0x0000c346                ENET_Receive_DriverIRQHandler
                0x0000c346                DMA13_DriverIRQHandler
                0x0000c346                ENET_Error_DriverIRQHandler
                0x0000c346                DMA15_DriverIRQHandler
                0x0000c346                SPI0_DriverIRQHandler
                0x0000c346                ADC0_DriverIRQHandler
                0x0000c346                FTFL_DriverIRQHandler
                0x0000c346                CMP0_DriverIRQHandler
                0x0000c346                CAN0_DriverIRQHandler
                0x0000c346                Reserved59_DriverIRQHandler
                0x0000c346                DMA5_DriverIRQHandler
                0x0000c346                UART1_ERR_DriverIRQHandler
                0x0000c346                DMA2_DriverIRQHandler
                0x0000c346                ENET_Transmit_DriverIRQHandler
                0x0000c346                I2C0_DriverIRQHandler
                0x0000c346                CAN1_DriverIRQHandler
                0x0000c346                DMA7_DriverIRQHandler
                0x0000c346                UART1_RX_TX_DriverIRQHandler
                0x0000c346                Reserved108_DriverIRQHandler
                0x00000400                . = 0x400
 *fill*         0x0000c34c       0xb4 ff
                0x0000c400                PROVIDE (__FLASH_CONFIG_START__ = .)
 *(.FlashConfig)
 .FlashConfig   0x0000c400       0x10 Startup/startup_mk60d10.o
                0x0000c410                PROVIDE (__FLASH_CONFIG_END__ = .)
                0x00000001                ASSERT (! ((__FLASH_CONFIG_START__ == __FLASH_CONFIG_END__)), Linker Flash Config Support Enabled, but no .FlashConfig section provided within application)

.glue_7         0x0000c410        0x0
 .glue_7        0x0000c410        0x0 linker stubs

.glue_7t        0x0000c410        0x0
 .glue_7t       0x0000c410        0x0 linker stubs

.vfp11_veneer   0x0000c410        0x0
 .vfp11_veneer  0x0000c410        0x0 linker stubs

.v4_bx          0x0000c410        0x0
 .v4_bx         0x0000c410        0x0 linker stubs

.iplt           0x0000c410        0x0
 .iplt          0x0000c410        0x0 c:/gcc-arm-none-eabi-10.3-2021.10/bin/../lib/gcc/arm-none-eabi/10.3.1/thumb/v7e-m/nofp/crtbegin.o

.text           0x0000c440    0x17254
 *(.text*)
 .text          0x0000c440       0x40 c:/gcc-arm-none-eabi-10.3-2021.10/bin/../lib/gcc/arm-none-eabi/10.3.1/thumb/v7e-m/nofp/crtbegin.o
 .text._ZN3Gui8textLineENSt7__cxx1112basic_stringIcSt11char_traitsIcESaIcEEEi
                0x0000c480       0x4c ../main.o
                0x0000c480                Gui::textLine(std::__cxx11::basic_string<char, std::char_traits<char>, std::allocator<char> >, int)
 *fill*         0x0000c4cc        0x4 
 .text._Z12move_forwardid
                0x0000c4d0      0x1a4 ../main.o
                0x0000c4d0                move_forward(int, double)
 *fill*         0x0000c674        0x4 
 .text._Z9turn_leftid
                0x0000c678      0x154 ../main.o
                0x0000c678                turn_left(int, double)
 *fill*         0x0000c7cc        0x4 
 .text._Z10turn_rightid
                0x0000c7d0      0x154 ../main.o
                0x0000c7d0                turn_right(int, double)
 *fill*         0x0000c924        0x4 
 .text._Z10try_coursev
                0x0000c928       0xb4 ../main.o
                0x0000c928                try_course()
 *fill*         0x0000c9dc        0x4 
 .text.main     0x0000c9e0       0xc0 ../main.o
                0x0000c9e0                main
 .text._ZStplIcSt11char_traitsIcESaIcEENSt7__cxx1112basic_stringIT_T0_T1_EERKS8_PKS5_
                0x0000caa0       0x26 ../main.o
                0x0000caa0                std::__cxx11::basic_string<char, std::char_traits<char>, std::allocator<char> > std::operator+<char, std::char_traits<char>, std::allocator<char> >(std::__cxx11::basic_string<char, std::char_traits<char>, std::allocator<char> > const&, char const*)
 *fill*         0x0000cac6        0x2 
 .text._Z41__static_initialization_and_destruction_0ii
                0x0000cac8       0x68 ../main.o
 .text._GLOBAL__sub_I_right_encoder
                0x0000cb30       0x10 ../main.o
 .text.PORTD_IRQHandler
                0x0000cb40       0x50 Startup/startup_mk60d10.o
                0x0000cb40                PORTD_IRQHandler
 .text._Z15InitPowerButtonv
                0x0000cb90       0x60 Startup/startup_mk60d10.o
                0x0000cb90                InitPowerButton()
 .text._ZL11pll_init_blv
                0x0000cbf0       0xe0 Startup/startup_mk60d10.o
 .text._Z14InitFEHProteusv
                0x0000ccd0       0xec Startup/startup_mk60d10.o
                0x0000ccd0                InitFEHProteus()
 .text.DMA0_IRQHandler
                0x0000cdbc        0xc Startup/startup_mk60d10.o
                0x0000cdbc                DMA0_IRQHandler
 .text.DMA1_IRQHandler
                0x0000cdc8        0xc Startup/startup_mk60d10.o
                0x0000cdc8                DMA1_IRQHandler
 .text.DMA2_IRQHandler
                0x0000cdd4        0xc Startup/startup_mk60d10.o
                0x0000cdd4                DMA2_IRQHandler
 .text.DMA3_IRQHandler
                0x0000cde0        0xc Startup/startup_mk60d10.o
                0x0000cde0                DMA3_IRQHandler
 .text.DMA4_IRQHandler
                0x0000cdec        0xc Startup/startup_mk60d10.o
                0x0000cdec                DMA4_IRQHandler
 .text.DMA5_IRQHandler
                0x0000cdf8        0xc Startup/startup_mk60d10.o
                0x0000cdf8                DMA5_IRQHandler
 .text.DMA6_IRQHandler
                0x0000ce04        0xc Startup/startup_mk60d10.o
                0x0000ce04                DMA6_IRQHandler
 .text.DMA7_IRQHandler
                0x0000ce10        0xc Startup/startup_mk60d10.o
                0x0000ce10                DMA7_IRQHandler
 .text.DMA8_IRQHandler
                0x0000ce1c        0xc Startup/startup_mk60d10.o
                0x0000ce1c                DMA8_IRQHandler
 .text.DMA9_IRQHandler
                0x0000ce28        0xc Startup/startup_mk60d10.o
                0x0000ce28                DMA9_IRQHandler
 .text.DMA10_IRQHandler
                0x0000ce34        0xc Startup/startup_mk60d10.o
                0x0000ce34                DMA10_IRQHandler
 .text.DMA11_IRQHandler
                0x0000ce40        0xc Startup/startup_mk60d10.o
                0x0000ce40                DMA11_IRQHandler
 .text.DMA12_IRQHandler
                0x0000ce4c        0xc Startup/startup_mk60d10.o
                0x0000ce4c                DMA12_IRQHandler
 .text.DMA13_IRQHandler
                0x0000ce58        0xc Startup/startup_mk60d10.o
                0x0000ce58                DMA13_IRQHandler
 .text.DMA14_IRQHandler
                0x0000ce64        0xc Startup/startup_mk60d10.o
                0x0000ce64                DMA14_IRQHandler
 .text.DMA15_IRQHandler
                0x0000ce70        0xc Startup/startup_mk60d10.o
                0x0000ce70                DMA15_IRQHandler
 .text.DMA_Error_IRQHandler
                0x0000ce7c        0xc Startup/startup_mk60d10.o
                0x0000ce7c                DMA_Error_IRQHandler
 .text.MCM_IRQHandler
                0x0000ce88        0xc Startup/startup_mk60d10.o
                0x0000ce88                MCM_IRQHandler
 .text.FTFL_IRQHandler
                0x0000ce94        0xc Startup/startup_mk60d10.o
                0x0000ce94                FTFL_IRQHandler
 .text.Read_Collision_IRQHandler
                0x0000cea0        0xc Startup/startup_mk60d10.o
                0x0000cea0                Read_Collision_IRQHandler
 .text.LVD_LVW_IRQHandler
                0x0000ceac        0xc Startup/startup_mk60d10.o
                0x0000ceac                LVD_LVW_IRQHandler
 .text.LLWU_IRQHandler
                0x0000ceb8        0xc Startup/startup_mk60d10.o
                0x0000ceb8                LLWU_IRQHandler
 .text.WDOG_EWM_IRQHandler
                0x0000cec4        0xc Startup/startup_mk60d10.o
                0x0000cec4                WDOG_EWM_IRQHandler
 .text.RNG_IRQHandler
                0x0000ced0        0xc Startup/startup_mk60d10.o
                0x0000ced0                RNG_IRQHandler
 .text.I2C0_IRQHandler
                0x0000cedc        0xc Startup/startup_mk60d10.o
                0x0000cedc                I2C0_IRQHandler
 .text.I2C1_IRQHandler
                0x0000cee8        0xc Startup/startup_mk60d10.o
                0x0000cee8                I2C1_IRQHandler
 .text.SPI0_IRQHandler
                0x0000cef4        0xc Startup/startup_mk60d10.o
                0x0000cef4                SPI0_IRQHandler
 .text.SPI1_IRQHandler
                0x0000cf00        0xc Startup/startup_mk60d10.o
                0x0000cf00                SPI1_IRQHandler
 .text.SPI2_IRQHandler
                0x0000cf0c        0xc Startup/startup_mk60d10.o
                0x0000cf0c                SPI2_IRQHandler
 .text.CAN0_ORed_Message_buffer_IRQHandler
                0x0000cf18        0xc Startup/startup_mk60d10.o
                0x0000cf18                CAN0_ORed_Message_buffer_IRQHandler
 .text.CAN0_Bus_Off_IRQHandler
                0x0000cf24        0xc Startup/startup_mk60d10.o
                0x0000cf24                CAN0_Bus_Off_IRQHandler
 .text.CAN0_Error_IRQHandler
                0x0000cf30        0xc Startup/startup_mk60d10.o
                0x0000cf30                CAN0_Error_IRQHandler
 .text.CAN0_Tx_Warning_IRQHandler
                0x0000cf3c        0xc Startup/startup_mk60d10.o
                0x0000cf3c                CAN0_Tx_Warning_IRQHandler
 .text.CAN0_Rx_Warning_IRQHandler
                0x0000cf48        0xc Startup/startup_mk60d10.o
                0x0000cf48                CAN0_Rx_Warning_IRQHandler
 .text.CAN0_Wake_Up_IRQHandler
                0x0000cf54        0xc Startup/startup_mk60d10.o
                0x0000cf54                CAN0_Wake_Up_IRQHandler
 .text.I2S0_Tx_IRQHandler
                0x0000cf60        0xc Startup/startup_mk60d10.o
                0x0000cf60                I2S0_Tx_IRQHandler
 .text.I2S0_Rx_IRQHandler
                0x0000cf6c        0xc Startup/startup_mk60d10.o
                0x0000cf6c                I2S0_Rx_IRQHandler
 .text.CAN1_ORed_Message_buffer_IRQHandler
                0x0000cf78        0xc Startup/startup_mk60d10.o
                0x0000cf78                CAN1_ORed_Message_buffer_IRQHandler
 .text.CAN1_Bus_Off_IRQHandler
                0x0000cf84        0xc Startup/startup_mk60d10.o
                0x0000cf84                CAN1_Bus_Off_IRQHandler
 .text.CAN1_Error_IRQHandler
                0x0000cf90        0xc Startup/startup_mk60d10.o
                0x0000cf90                CAN1_Error_IRQHandler
 .text.CAN1_Tx_Warning_IRQHandler
                0x0000cf9c        0xc Startup/startup_mk60d10.o
                0x0000cf9c                CAN1_Tx_Warning_IRQHandler
 .text.CAN1_Rx_Warning_IRQHandler
                0x0000cfa8        0xc Startup/startup_mk60d10.o
                0x0000cfa8                CAN1_Rx_Warning_IRQHandler
 .text.CAN1_Wake_Up_IRQHandler
                0x0000cfb4        0xc Startup/startup_mk60d10.o
                0x0000cfb4                CAN1_Wake_Up_IRQHandler
 .text.Reserved59_IRQHandler
                0x0000cfc0        0xc Startup/startup_mk60d10.o
                0x0000cfc0                Reserved59_IRQHandler
 .text.UART0_LON_IRQHandler
                0x0000cfcc        0xc Startup/startup_mk60d10.o
                0x0000cfcc                UART0_LON_IRQHandler
 .text.UART0_ERR_IRQHandler
                0x0000cfd8        0xc Startup/startup_mk60d10.o
                0x0000cfd8                UART0_ERR_IRQHandler
 .text.UART1_RX_TX_IRQHandler
                0x0000cfe4        0xc Startup/startup_mk60d10.o
                0x0000cfe4                UART1_RX_TX_IRQHandler
 .text.UART1_ERR_IRQHandler
                0x0000cff0        0xc Startup/startup_mk60d10.o
                0x0000cff0                UART1_ERR_IRQHandler
 .text.UART2_RX_TX_IRQHandler
                0x0000cffc        0xc Startup/startup_mk60d10.o
                0x0000cffc                UART2_RX_TX_IRQHandler
 .text.UART2_ERR_IRQHandler
                0x0000d008        0xc Startup/startup_mk60d10.o
                0x0000d008                UART2_ERR_IRQHandler
 .text.UART3_RX_TX_IRQHandler
                0x0000d014        0xc Startup/startup_mk60d10.o
                0x0000d014                UART3_RX_TX_IRQHandler
 .text.UART3_ERR_IRQHandler
                0x0000d020        0xc Startup/startup_mk60d10.o
                0x0000d020                UART3_ERR_IRQHandler
 .text.UART4_RX_TX_IRQHandler
                0x0000d02c        0xc Startup/startup_mk60d10.o
                0x0000d02c                UART4_RX_TX_IRQHandler
 .text.UART4_ERR_IRQHandler
                0x0000d038        0xc Startup/startup_mk60d10.o
                0x0000d038                UART4_ERR_IRQHandler
 .text.UART5_RX_TX_IRQHandler
                0x0000d044        0xc Startup/startup_mk60d10.o
                0x0000d044                UART5_RX_TX_IRQHandler
 .text.UART5_ERR_IRQHandler
                0x0000d050        0xc Startup/startup_mk60d10.o
                0x0000d050                UART5_ERR_IRQHandler
 .text.ADC0_IRQHandler
                0x0000d05c        0xc Startup/startup_mk60d10.o
                0x0000d05c                ADC0_IRQHandler
 .text.ADC1_IRQHandler
                0x0000d068        0xc Startup/startup_mk60d10.o
                0x0000d068                ADC1_IRQHandler
 .text.CMP0_IRQHandler
                0x0000d074        0xc Startup/startup_mk60d10.o
                0x0000d074                CMP0_IRQHandler
 .text.CMP1_IRQHandler
                0x0000d080        0xc Startup/startup_mk60d10.o
                0x0000d080                CMP1_IRQHandler
 .text.CMP2_IRQHandler
                0x0000d08c        0xc Startup/startup_mk60d10.o
                0x0000d08c                CMP2_IRQHandler
 .text.FTM0_IRQHandler
                0x0000d098        0xc Startup/startup_mk60d10.o
                0x0000d098                FTM0_IRQHandler
 .text.FTM1_IRQHandler
                0x0000d0a4        0xc Startup/startup_mk60d10.o
                0x0000d0a4                FTM1_IRQHandler
 .text.FTM2_IRQHandler
                0x0000d0b0        0xc Startup/startup_mk60d10.o
                0x0000d0b0                FTM2_IRQHandler
 .text.CMT_IRQHandler
                0x0000d0bc        0xc Startup/startup_mk60d10.o
                0x0000d0bc                CMT_IRQHandler
 .text.RTC_IRQHandler
                0x0000d0c8        0xc Startup/startup_mk60d10.o
                0x0000d0c8                RTC_IRQHandler
 .text.RTC_Seconds_IRQHandler
                0x0000d0d4        0xc Startup/startup_mk60d10.o
                0x0000d0d4                RTC_Seconds_IRQHandler
 .text.PIT1_IRQHandler
                0x0000d0e0        0xc Startup/startup_mk60d10.o
                0x0000d0e0                PIT1_IRQHandler
 .text.PIT2_IRQHandler
                0x0000d0ec        0xc Startup/startup_mk60d10.o
                0x0000d0ec                PIT2_IRQHandler
 .text.PIT3_IRQHandler
                0x0000d0f8        0xc Startup/startup_mk60d10.o
                0x0000d0f8                PIT3_IRQHandler
 .text.PDB0_IRQHandler
                0x0000d104        0xc Startup/startup_mk60d10.o
                0x0000d104                PDB0_IRQHandler
 .text.USB0_IRQHandler
                0x0000d110        0xc Startup/startup_mk60d10.o
                0x0000d110                USB0_IRQHandler
 .text.USBDCD_IRQHandler
                0x0000d11c        0xc Startup/startup_mk60d10.o
                0x0000d11c                USBDCD_IRQHandler
 .text.ENET_1588_Timer_IRQHandler
                0x0000d128        0xc Startup/startup_mk60d10.o
                0x0000d128                ENET_1588_Timer_IRQHandler
 .text.ENET_Transmit_IRQHandler
                0x0000d134        0xc Startup/startup_mk60d10.o
                0x0000d134                ENET_Transmit_IRQHandler
 .text.ENET_Receive_IRQHandler
                0x0000d140        0xc Startup/startup_mk60d10.o
                0x0000d140                ENET_Receive_IRQHandler
 .text.ENET_Error_IRQHandler
                0x0000d14c        0xc Startup/startup_mk60d10.o
                0x0000d14c                ENET_Error_IRQHandler
 .text.Reserved95_IRQHandler
                0x0000d158        0xc Startup/startup_mk60d10.o
                0x0000d158                Reserved95_IRQHandler
 .text.SDHC_IRQHandler
                0x0000d164        0xc Startup/startup_mk60d10.o
                0x0000d164                SDHC_IRQHandler
 .text.DAC0_IRQHandler
                0x0000d170        0xc Startup/startup_mk60d10.o
                0x0000d170                DAC0_IRQHandler
 .text.DAC1_IRQHandler
                0x0000d17c        0xc Startup/startup_mk60d10.o
                0x0000d17c                DAC1_IRQHandler
 .text.TSI0_IRQHandler
                0x0000d188        0xc Startup/startup_mk60d10.o
                0x0000d188                TSI0_IRQHandler
 .text.MCG_IRQHandler
                0x0000d194        0xc Startup/startup_mk60d10.o
                0x0000d194                MCG_IRQHandler
 .text.LPTMR0_IRQHandler
                0x0000d1a0        0xc Startup/startup_mk60d10.o
                0x0000d1a0                LPTMR0_IRQHandler
 .text.Reserved102_IRQHandler
                0x0000d1ac        0xc Startup/startup_mk60d10.o
                0x0000d1ac                Reserved102_IRQHandler
 .text.Reserved108_IRQHandler
                0x0000d1b8        0xc Startup/startup_mk60d10.o
                0x0000d1b8                Reserved108_IRQHandler
 .text.Reserved109_IRQHandler
                0x0000d1c4        0xc Startup/startup_mk60d10.o
                0x0000d1c4                Reserved109_IRQHandler
 .text.SWI_IRQHandler
                0x0000d1d0        0xc Startup/startup_mk60d10.o
                0x0000d1d0                SWI_IRQHandler
 *fill*         0x0000d1dc        0x4 
 .text._ZN8FEHMotorC2ENS_12FEHMotorPortEf
                0x0000d1e0       0x7c Libraries/FEHMotor.o
                0x0000d1e0                FEHMotor::FEHMotor(FEHMotor::FEHMotorPort, float)
                0x0000d1e0                FEHMotor::FEHMotor(FEHMotor::FEHMotorPort, float)
 .text._ZN8FEHMotor4StopEv
                0x0000d25c       0x30 Libraries/FEHMotor.o
                0x0000d25c                FEHMotor::Stop()
 .text._ZN8FEHMotor8SetPowerEi
                0x0000d28c       0x54 Libraries/FEHMotor.o
                0x0000d28c                FEHMotor::SetPower(int)
 .text._ZN8FEHMotor10SetPercentEf
                0x0000d2e0       0xf8 Libraries/FEHMotor.o
                0x0000d2e0                FEHMotor::SetPercent(float)
 .text._Z21IIC_StartTransmissionhh
                0x0000d3d8       0x6c Drivers/i2c.o
                0x0000d3d8                IIC_StartTransmission(unsigned char, unsigned char)
 .text._Z5Pausev
                0x0000d444       0x24 Drivers/i2c.o
                0x0000d444                Pause()
 .text._Z21MMA8451QWriteRegisterhh
                0x0000d468       0x68 Drivers/i2c.o
                0x0000d468                MMA8451QWriteRegister(unsigned char, unsigned char)
 .text._Z8i2c_Waitv
                0x0000d4d0       0x6c Drivers/i2c.o
                0x0000d4d0                i2c_Wait()
 .text._Z12SPI_SendCharh
                0x0000d53c       0x1a Drivers/spi.o
                0x0000d53c                SPI_SendChar(unsigned char)
 .text._Z16SPI_WriteCommandhh
                0x0000d556       0x34 Drivers/spi.o
                0x0000d556                SPI_WriteCommand(unsigned char, unsigned char)
 .text._Z11SPI_GetCharv
                0x0000d58a       0x10 Drivers/spi.o
                0x0000d58a                SPI_GetChar()
 .text._Z15SPI_ReadCommandh
                0x0000d59a       0x38 Drivers/spi.o
                0x0000d59a                SPI_ReadCommand(unsigned char)
 *fill*         0x0000d5d2        0x2 
 .text._Z13SPI_CS_Assertv
                0x0000d5d4       0x1c Drivers/spi.o
                0x0000d5d4                SPI_CS_Assert()
 .text._Z15SPI_CS_Deassertv
                0x0000d5f0       0x1c Drivers/spi.o
                0x0000d5f0                SPI_CS_Deassert()
 .text._Z12SPI_Transferh
                0x0000d60c       0x6c Drivers/spi.o
                0x0000d60c                SPI_Transfer(unsigned char)
 .text._Z8SPI_Initv
                0x0000d678       0xa0 Drivers/spi.o
                0x0000d678                SPI_Init()
 .text._Z9uart_initPV11UART_MemMapii
                0x0000d718      0x174 Drivers/uart.o
                0x0000d718                uart_init(UART_MemMap volatile*, int, int)
 .text._Z12uart_getcharPV11UART_MemMap
                0x0000d88c       0x32 Drivers/uart.o
                0x0000d88c                uart_getchar(UART_MemMap volatile*)
 .text._Z12uart_putcharPV11UART_MemMapc
                0x0000d8be       0x32 Drivers/uart.o
                0x0000d8be                uart_putchar(UART_MemMap volatile*, char)
 .text._ZL7mem_setPvij
                0x0000d8f0       0x3c Drivers/ff.o
 .text._ZL11move_windowP5FATFSm
                0x0000d92c       0xc8 Drivers/ff.o
 .text._ZL4syncP5FATFS
                0x0000d9f4      0x14c Drivers/ff.o
 .text._ZL8validateP5FATFSt
                0x0000db40       0x54 Drivers/ff.o
 .text._Z6f_syncP3FIL
                0x0000db94      0x186 Drivers/ff.o
                0x0000db94                f_sync(FIL*)
 .text._Z7f_closeP3FIL
                0x0000dd1a       0x28 Drivers/ff.o
                0x0000dd1a                f_close(FIL*)
 *fill*         0x0000dd42        0x2 
 .text._ZL17SDHC_set_baudratemm
                0x0000dd44       0xe8 Drivers/SDHC.o
 .text._Z9SDHC_initP17esdhc_info_structPK17esdhc_init_struct
                0x0000de2c      0x130 Drivers/SDHC.o
                0x0000de2c                SDHC_init(esdhc_info_struct*, esdhc_init_struct const*)
 .text._ZL15SDHC_is_runningv
                0x0000df5c       0x24 Drivers/SDHC.o
 .text._ZL16SDHC_status_waitm
                0x0000df80       0x2c Drivers/SDHC.o
 .text._ZL17SDHC_send_commandP20esdhc_command_struct
                0x0000dfac      0x1f8 Drivers/SDHC.o
 .text._Z10SDHC_ioctlmPv
                0x0000e1a4      0x6f0 Drivers/SDHC.o
                0x0000e1a4                SDHC_ioctl(unsigned long, void*)
 .text._ZL14rcvr_datablockPhm
                0x0000e894       0xf0 Drivers/SDHC.o
 .text._Z9disk_readhPhmh
                0x0000e984      0x124 Drivers/SDHC.o
                0x0000e984                disk_read(unsigned char, unsigned char*, unsigned long, unsigned char)
 .text._ZL14xmit_datablockPKhm
                0x0000eaa8       0xa4 Drivers/SDHC.o
 .text._Z10disk_writehPKhmh
                0x0000eb4c      0x198 Drivers/SDHC.o
                0x0000eb4c                disk_write(unsigned char, unsigned char const*, unsigned long, unsigned char)
 .text._Z10disk_ioctlhhPv
                0x0000ece4      0x104 Drivers/SDHC.o
                0x0000ece4                disk_ioctl(unsigned char, unsigned char, void*)
 .text._Z11disk_statush
                0x0000ede8       0x28 Drivers/SDHC.o
                0x0000ede8                disk_status(unsigned char)
 .text._Z13time_delay_msm
                0x0000ee10       0x6c Drivers/lptmr.o
                0x0000ee10                time_delay_ms(unsigned long)
 .text._Z41__static_initialization_and_destruction_0ii
                0x0000ee7c       0x2c FEHProteus.o
 .text._GLOBAL__sub_I_Propeller
                0x0000eea8       0x10 FEHProteus.o
 .text._ZN12FEHPropellerC2Ev
                0x0000eeb8       0x1a Drivers/FEHPropeller.o
                0x0000eeb8                FEHPropeller::FEHPropeller()
                0x0000eeb8                FEHPropeller::FEHPropeller()
 *fill*         0x0000eed2        0x2 
 .text._ZN12FEHPropeller10InitializeEv
                0x0000eed4       0x74 Drivers/FEHPropeller.o
                0x0000eed4                FEHPropeller::Initialize()
 .text._ZN12FEHPropeller12SetMotorRateEhhh
                0x0000ef48       0x5c Drivers/FEHPropeller.o
                0x0000ef48                FEHPropeller::SetMotorRate(unsigned char, unsigned char, unsigned char)
 .text._ZL5Delaymjj
                0x0000efa4       0x94 Libraries/FEHUtility.o
 .text._Z5Sleepi
                0x0000f038       0x2c Libraries/FEHUtility.o
                0x0000f038                Sleep(int)
 .text._Z5Sleepd
                0x0000f064       0x4c Libraries/FEHUtility.o
                0x0000f064                Sleep(double)
 .text._Z7TimeNowv
                0x0000f0b0       0x5c Libraries/FEHUtility.o
                0x0000f0b0                TimeNow()
 .text._ZN14DigitalEncoderC2EN5FEHIO8FEHIOPinE
                0x0000f10c       0x26 Libraries/FEHIO.o
                0x0000f10c                DigitalEncoder::DigitalEncoder(FEHIO::FEHIOPin)
                0x0000f10c                DigitalEncoder::DigitalEncoder(FEHIO::FEHIOPin)
 *fill*         0x0000f132        0x2 
 .text._Z10enable_irqi
                0x0000f134      0x11c Libraries/FEHIO.o
                0x0000f134                enable_irq(int)
 .text._ZN14DigitalEncoder10InitializeEN5FEHIO8FEHIOPinENS0_21FEHIOInterruptTriggerE
                0x0000f250      0x1a8 Libraries/FEHIO.o
                0x0000f250                DigitalEncoder::Initialize(FEHIO::FEHIOPin, FEHIO::FEHIOInterruptTrigger)
 .text._Z16PORTB_IRQHandlerv
                0x0000f3f8       0x9c Libraries/FEHIO.o
                0x0000f3f8                PORTB_IRQHandler()
 .text._Z16PORTC_IRQHandlerv
                0x0000f494       0x9c Libraries/FEHIO.o
                0x0000f494                PORTC_IRQHandler()
 .text._Z16PORTA_IRQHandlerv
                0x0000f530       0xa0 Libraries/FEHIO.o
                0x0000f530                PORTA_IRQHandler()
 .text._Z16PORTE_IRQHandlerv
                0x0000f5d0       0x98 Libraries/FEHIO.o
                0x0000f5d0                PORTE_IRQHandler()
 .text._ZN14DigitalEncoder6CountsEv
                0x0000f668       0x24 Libraries/FEHIO.o
                0x0000f668                DigitalEncoder::Counts()
 .text._ZN14DigitalEncoder11ResetCountsEv
                0x0000f68c       0x24 Libraries/FEHIO.o
                0x0000f68c                DigitalEncoder::ResetCounts()
 .text._ZN14AnalogInputPinC2EN5FEHIO8FEHIOPinE
                0x0000f6b0       0x1e Libraries/FEHIO.o
                0x0000f6b0                AnalogInputPin::AnalogInputPin(FEHIO::FEHIOPin)
                0x0000f6b0                AnalogInputPin::AnalogInputPin(FEHIO::FEHIOPin)
 *fill*         0x0000f6ce        0x2 
 .text._ZN14AnalogInputPin5ValueEv
                0x0000f6d0      0x120 Libraries/FEHIO.o
                0x0000f6d0                AnalogInputPin::Value()
 .text._ZN13AnalogEncoder12EncoderValueEv
                0x0000f7f0       0xb0 Libraries/FEHIO.o
                0x0000f7f0                AnalogEncoder::EncoderValue()
 .text._ZN14AnalogInputPin8InitADCsEv
                0x0000f8a0       0x98 Libraries/FEHIO.o
                0x0000f8a0                AnalogInputPin::InitADCs()
 .text._Z15PIT0_IRQHandlerv
                0x0000f938       0x28 Libraries/FEHIO.o
                0x0000f938                PIT0_IRQHandler()
 .text._ZN13AnalogEncoder4InitEv
                0x0000f960       0x44 Libraries/FEHIO.o
                0x0000f960                AnalogEncoder::Init()
 .text._ZN13AnalogEncoder14SetCounterInitEj
                0x0000f9a4       0x20 Libraries/FEHIO.o
                0x0000f9a4                AnalogEncoder::SetCounterInit(unsigned int)
 .text._ZN13AnalogEncoder10ProcessIntEv
                0x0000f9c4       0x68 Libraries/FEHIO.o
                0x0000f9c4                AnalogEncoder::ProcessInt()
 .text._ZN13AnalogEncoder14ProcessIntSelfEv
                0x0000fa2c       0x6e Libraries/FEHIO.o
                0x0000fa2c                AnalogEncoder::ProcessIntSelf()
 .text._Z7ADC_CalPV10ADC_MemMap
                0x0000fa9a      0x13e Drivers/adc16.o
                0x0000fa9a                ADC_Cal(ADC_MemMap volatile*)
 .text._Z14ADC_Config_AltPV10ADC_MemMapP7adc_cfg
                0x0000fbd8       0x6c Drivers/adc16.o
                0x0000fbd8                ADC_Config_Alt(ADC_MemMap volatile*, adc_cfg*)
 .text._ZN9FEHBuzzerC2Ev
                0x0000fc44       0x14 Libraries/FEHBuzzer.o
                0x0000fc44                FEHBuzzer::FEHBuzzer()
                0x0000fc44                FEHBuzzer::FEHBuzzer()
 .text._Z41__static_initialization_and_destruction_0ii
                0x0000fc58       0x2c Libraries/FEHBuzzer.o
 .text._GLOBAL__sub_I_Buzzer
                0x0000fc84       0x10 Libraries/FEHBuzzer.o
 .text._ZN6FEHLCD11_InitializeEv
                0x0000fc94      0x410 Libraries/FEHLCD.o
                0x0000fc94                FEHLCD::_Initialize()
 .text._ZN6FEHLCDC2Ev
                0x000100a4       0x50 Libraries/FEHLCD.o
                0x000100a4                FEHLCD::FEHLCD()
                0x000100a4                FEHLCD::FEHLCD()
 .text._ZN6FEHLCD10InitializeEv
                0x000100f4       0x28 Libraries/FEHLCD.o
                0x000100f4                FEHLCD::Initialize()
 .text._ZN6FEHLCD10PrintImageEii
                0x0001011c       0xbc Libraries/FEHLCD.o
                0x0001011c                FEHLCD::PrintImage(int, int)
 .text._ZN6FEHLCD9PrintLogoEii
                0x000101d8       0xbc Libraries/FEHLCD.o
                0x000101d8                FEHLCD::PrintLogo(int, int)
 .text._ZN6FEHLCD22ConvertFEHColorTo24BitENS_11FEHLCDColorE
                0x00010294       0x78 Libraries/FEHLCD.o
                0x00010294                FEHLCD::ConvertFEHColorTo24Bit(FEHLCD::FEHLCDColor)
 .text._ZN6FEHLCD24Convert24BitColorTo16BitEj
                0x0001030c       0x30 Libraries/FEHLCD.o
                0x0001030c                FEHLCD::Convert24BitColorTo16Bit(unsigned int)
 .text._ZN6FEHLCD22ConvertRGBColorTo16BitEhhh
                0x0001033c       0x4a Libraries/FEHLCD.o
                0x0001033c                FEHLCD::ConvertRGBColorTo16Bit(unsigned char, unsigned char, unsigned char)
 .text._ZN6FEHLCD5ClearENS_11FEHLCDColorE
                0x00010386       0x28 Libraries/FEHLCD.o
                0x00010386                FEHLCD::Clear(FEHLCD::FEHLCDColor)
 .text._ZN6FEHLCD5ClearEj
                0x000103ae       0x2c Libraries/FEHLCD.o
                0x000103ae                FEHLCD::Clear(unsigned int)
 .text._ZN6FEHLCD18SetBackgroundColorENS_11FEHLCDColorE
                0x000103da       0x28 Libraries/FEHLCD.o
                0x000103da                FEHLCD::SetBackgroundColor(FEHLCD::FEHLCDColor)
 .text._ZN6FEHLCD18SetBackgroundColorEj
                0x00010402       0x26 Libraries/FEHLCD.o
                0x00010402                FEHLCD::SetBackgroundColor(unsigned int)
 .text._ZN6FEHLCD12SetFontColorENS_11FEHLCDColorE
                0x00010428       0x28 Libraries/FEHLCD.o
                0x00010428                FEHLCD::SetFontColor(FEHLCD::FEHLCDColor)
 .text._ZN6FEHLCD12SetFontColorEj
                0x00010450       0x26 Libraries/FEHLCD.o
                0x00010450                FEHLCD::SetFontColor(unsigned int)
 .text._ZN6FEHLCD7WriteAtEPKcii
                0x00010476       0x46 Libraries/FEHLCD.o
                0x00010476                FEHLCD::WriteAt(char const*, int, int)
 .text._ZN6FEHLCD11TS_SPI_InitEv
                0x000104bc       0x7c Libraries/FEHLCD.o
                0x000104bc                FEHLCD::TS_SPI_Init()
 .text._ZN6FEHLCD5TouchEPfS0_
                0x00010538      0x1fc Libraries/FEHLCD.o
                0x00010538                FEHLCD::Touch(float*, float*)
 .text._ZN6FEHLCD3absEi
                0x00010734       0x22 Libraries/FEHLCD.o
                0x00010734                FEHLCD::abs(int)
 .text._ZN6FEHLCD7WriteRCEPKcii
                0x00010756       0x38 Libraries/FEHLCD.o
                0x00010756                FEHLCD::WriteRC(char const*, int, int)
 .text._ZN6FEHLCD5WriteEPKc
                0x0001078e       0x4e Libraries/FEHLCD.o
                0x0001078e                FEHLCD::Write(char const*)
 .text._ZN6FEHLCD5WriteEi
                0x000107dc       0x30 Libraries/FEHLCD.o
                0x000107dc                FEHLCD::Write(int)
 .text._ZN6FEHLCD9WriteLineEPKc
                0x0001080c       0x26 Libraries/FEHLCD.o
                0x0001080c                FEHLCD::WriteLine(char const*)
 .text._ZN6FEHLCD9WriteLineEi
                0x00010832       0x26 Libraries/FEHLCD.o
                0x00010832                FEHLCD::WriteLine(int)
 .text._ZN6FEHLCD10WriteIndexEh
                0x00010858      0x14c Libraries/FEHLCD.o
                0x00010858                FEHLCD::WriteIndex(unsigned char)
 .text._ZN6FEHLCD14WriteParameterEh
                0x000109a4      0x130 Libraries/FEHLCD.o
                0x000109a4                FEHLCD::WriteParameter(unsigned char)
 .text._ZN6FEHLCD6_ClearEv
                0x00010ad4      0x15c Libraries/FEHLCD.o
                0x00010ad4                FEHLCD::_Clear()
 .text._ZN6FEHLCD8NextLineEv
                0x00010c30       0x2a Libraries/FEHLCD.o
                0x00010c30                FEHLCD::NextLine()
 .text._ZN6FEHLCD9CheckLineEv
                0x00010c5a       0x28 Libraries/FEHLCD.o
                0x00010c5a                FEHLCD::CheckLine()
 .text._ZN6FEHLCD8NextCharEv
                0x00010c82       0x32 Libraries/FEHLCD.o
                0x00010c82                FEHLCD::NextChar()
 .text._ZN6FEHLCD13SetDrawRegionEiiii
                0x00010cb4       0xfe Libraries/FEHLCD.o
                0x00010cb4                FEHLCD::SetDrawRegion(int, int, int, int)
 .text._ZN6FEHLCD9WriteCharEiic
                0x00010db2       0x34 Libraries/FEHLCD.o
                0x00010db2                FEHLCD::WriteChar(int, int, char)
 *fill*         0x00010de6        0x2 
 .text._ZN6FEHLCD11WriteCharAtEiic
                0x00010de8      0x214 Libraries/FEHLCD.o
                0x00010de8                FEHLCD::WriteCharAt(int, int, char)
 .text._ZN6FEHLCD11RepeatColorEv
                0x00010ffc       0x70 Libraries/FEHLCD.o
                0x00010ffc                FEHLCD::RepeatColor()
 .text._ZN6FEHLCD10_ForePixelEv
                0x0001106c       0xc4 Libraries/FEHLCD.o
                0x0001106c                FEHLCD::_ForePixel()
 .text._ZN6FEHLCD10_BackPixelEv
                0x00011130       0xc4 Libraries/FEHLCD.o
                0x00011130                FEHLCD::_BackPixel()
 .text._ZN6FEHLCD22SetRegisterColorValuesEv
                0x000111f4      0x336 Libraries/FEHLCD.o
                0x000111f4                FEHLCD::SetRegisterColorValues()
 *fill*         0x0001152a        0x2 
 .text._Z41__static_initialization_and_destruction_0ii
                0x0001152c       0x2c Libraries/FEHLCD.o
 .text._GLOBAL__sub_I_image
                0x00011558       0x10 Libraries/FEHLCD.o
 .text._ZN8FEHAccelC2Ev
                0x00011568       0x70 Libraries/FEHAccel.o
                0x00011568                FEHAccel::FEHAccel()
                0x00011568                FEHAccel::FEHAccel()
 .text._Z41__static_initialization_and_destruction_0ii
                0x000115d8       0x2c Libraries/FEHAccel.o
 .text._GLOBAL__sub_I_Accel
                0x00011604       0x10 Libraries/FEHAccel.o
 .text._ZN10FEHBatteryC2EN5FEHIO8FEHIOPinE
                0x00011614       0x22 Libraries/FEHBattery.o
                0x00011614                FEHBattery::FEHBattery(FEHIO::FEHIOPin)
                0x00011614                FEHBattery::FEHBattery(FEHIO::FEHIOPin)
 *fill*         0x00011636        0x2 
 .text._Z41__static_initialization_and_destruction_0ii
                0x00011638       0x30 Libraries/FEHBattery.o
 .text._GLOBAL__sub_I_Battery
                0x00011668       0x10 Libraries/FEHBattery.o
 .text._ZN7FEHXBeeC2Ev
                0x00011678       0x1a Drivers/FEHXBee.o
                0x00011678                FEHXBee::FEHXBee()
                0x00011678                FEHXBee::FEHXBee()
 *fill*         0x00011692        0x2 
 .text._ZN7FEHXBee17SetPacketCallBackEPFvPhhE
                0x00011694       0x20 Drivers/FEHXBee.o
                0x00011694                FEHXBee::SetPacketCallBack(void (*)(unsigned char*, unsigned char))
 .text._Z22UART0_RX_TX_IRQHandlerv
                0x000116b4       0xec Drivers/FEHXBee.o
                0x000116b4                UART0_RX_TX_IRQHandler()
 .text._ZN6FEHRPSC2Ev
                0x000117a0       0x74 Libraries/FEHRPS.o
                0x000117a0                FEHRPS::FEHRPS()
                0x000117a0                FEHRPS::FEHRPS()
 .text._Z14RPSDataProcessPhh
                0x00011814      0x148 Libraries/FEHRPS.o
                0x00011814                RPSDataProcess(unsigned char*, unsigned char)
 .text._Z41__static_initialization_and_destruction_0ii
                0x0001195c       0x2c Libraries/FEHRPS.o
 .text._GLOBAL__sub_I_RPS
                0x00011988       0x10 Libraries/FEHRPS.o
 .text._ZN5FEHSDC2Ev
                0x00011998       0x24 Libraries/FEHSD.o
                0x00011998                FEHSD::FEHSD()
                0x00011998                FEHSD::FEHSD()
 .text._ZN5FEHSD9FCloseAllEv
                0x000119bc       0x6c Libraries/FEHSD.o
                0x000119bc                FEHSD::FCloseAll()
 .text._Z41__static_initialization_and_destruction_0ii
                0x00011a28       0x2c Libraries/FEHSD.o
 .text._GLOBAL__sub_I_SD
                0x00011a54       0x10 Libraries/FEHSD.o
 .text._ZN9FEHRandom10InitializeEv
                0x00011a64       0x3c Libraries/FEHRandom.o
                0x00011a64                FEHRandom::Initialize()
 .text._ZdlPvj  0x00011aa0        0x4 c:/gcc-arm-none-eabi-10.3-2021.10/bin/../lib/gcc/arm-none-eabi/10.3.1/../../../../arm-none-eabi/lib/thumb/v7e-m/nofp\libstdc++.a(del_ops.o)
                0x00011aa0                operator delete(void*, unsigned int)
 .text._Znwj    0x00011aa4       0x3c c:/gcc-arm-none-eabi-10.3-2021.10/bin/../lib/gcc/arm-none-eabi/10.3.1/../../../../arm-none-eabi/lib/thumb/v7e-m/nofp\libstdc++.a(new_op.o)
                0x00011aa4                operator new(unsigned int)
 .text._ZNSaIcEC2Ev
                0x00011ae0        0x4 c:/gcc-arm-none-eabi-10.3-2021.10/bin/../lib/gcc/arm-none-eabi/10.3.1/../../../../arm-none-eabi/lib/thumb/v7e-m/nofp\libstdc++.a(allocator-inst.o)
                0x00011ae0                std::allocator<char>::allocator()
                0x00011ae0                std::allocator<char>::allocator()
 .text._ZNSaIcED2Ev
                0x00011ae4        0x4 c:/gcc-arm-none-eabi-10.3-2021.10/bin/../lib/gcc/arm-none-eabi/10.3.1/../../../../arm-none-eabi/lib/thumb/v7e-m/nofp\libstdc++.a(allocator-inst.o)
                0x00011ae4                std::allocator<char>::~allocator()
                0x00011ae4                std::allocator<char>::~allocator()
 .text._ZNSt7__cxx1112basic_stringIcSt11char_traitsIcESaIcEE9_M_createERjj
                0x00011ae8       0x48 c:/gcc-arm-none-eabi-10.3-2021.10/bin/../lib/gcc/arm-none-eabi/10.3.1/../../../../arm-none-eabi/lib/thumb/v7e-m/nofp\libstdc++.a(string-inst.o)
                0x00011ae8                std::__cxx11::basic_string<char, std::char_traits<char>, std::allocator<char> >::_M_create(unsigned int&, unsigned int)
 .text._ZNSt7__cxx1112basic_stringIcSt11char_traitsIcESaIcEE9_M_mutateEjjPKcj
                0x00011b30       0xac c:/gcc-arm-none-eabi-10.3-2021.10/bin/../lib/gcc/arm-none-eabi/10.3.1/../../../../arm-none-eabi/lib/thumb/v7e-m/nofp\libstdc++.a(string-inst.o)
                0x00011b30                std::__cxx11::basic_string<char, std::char_traits<char>, std::allocator<char> >::_M_mutate(unsigned int, unsigned int, char const*, unsigned int)
 .text._ZNSt7__cxx1112basic_stringIcSt11char_traitsIcESaIcEED2Ev
                0x00011bdc       0x18 c:/gcc-arm-none-eabi-10.3-2021.10/bin/../lib/gcc/arm-none-eabi/10.3.1/../../../../arm-none-eabi/lib/thumb/v7e-m/nofp\libstdc++.a(string-inst.o)
                0x00011bdc                std::__cxx11::basic_string<char, std::char_traits<char>, std::allocator<char> >::~basic_string()
                0x00011bdc                std::__cxx11::basic_string<char, std::char_traits<char>, std::allocator<char> >::~basic_string()
 .text._ZNSt7__cxx1112basic_stringIcSt11char_traitsIcESaIcEE9_M_appendEPKcj
                0x00011bf4       0x54 c:/gcc-arm-none-eabi-10.3-2021.10/bin/../lib/gcc/arm-none-eabi/10.3.1/../../../../arm-none-eabi/lib/thumb/v7e-m/nofp\libstdc++.a(string-inst.o)
                0x00011bf4                std::__cxx11::basic_string<char, std::char_traits<char>, std::allocator<char> >::_M_append(char const*, unsigned int)
 .text._ZNSt7__cxx1112basic_stringIcSt11char_traitsIcESaIcEE6appendEPKc
                0x00011c48       0x30 c:/gcc-arm-none-eabi-10.3-2021.10/bin/../lib/gcc/arm-none-eabi/10.3.1/../../../../arm-none-eabi/lib/thumb/v7e-m/nofp\libstdc++.a(string-inst.o)
                0x00011c48                std::__cxx11::basic_string<char, std::char_traits<char>, std::allocator<char> >::append(char const*)
 .text._ZNKSt7__cxx1112basic_stringIcSt11char_traitsIcESaIcEE5c_strEv
                0x00011c78        0x4 c:/gcc-arm-none-eabi-10.3-2021.10/bin/../lib/gcc/arm-none-eabi/10.3.1/../../../../arm-none-eabi/lib/thumb/v7e-m/nofp\libstdc++.a(string-inst.o)
                0x00011c78                std::__cxx11::basic_string<char, std::char_traits<char>, std::allocator<char> >::c_str() const
 .text._ZNSt7__cxx1112basic_stringIcSt11char_traitsIcESaIcEE12_M_constructIPcEEvT_S7_St20forward_iterator_tag
                0x00011c7c       0x70 c:/gcc-arm-none-eabi-10.3-2021.10/bin/../lib/gcc/arm-none-eabi/10.3.1/../../../../arm-none-eabi/lib/thumb/v7e-m/nofp\libstdc++.a(string-inst.o)
                0x00011c7c                void std::__cxx11::basic_string<char, std::char_traits<char>, std::allocator<char> >::_M_construct<char*>(char*, char*, std::forward_iterator_tag)
 .text._ZNSt7__cxx1112basic_stringIcSt11char_traitsIcESaIcEEC2ERKS4_
                0x00011cec       0x1c c:/gcc-arm-none-eabi-10.3-2021.10/bin/../lib/gcc/arm-none-eabi/10.3.1/../../../../arm-none-eabi/lib/thumb/v7e-m/nofp\libstdc++.a(string-inst.o)
                0x00011cec                std::__cxx11::basic_string<char, std::char_traits<char>, std::allocator<char> >::basic_string(std::__cxx11::basic_string<char, std::char_traits<char>, std::allocator<char> > const&)
                0x00011cec                std::__cxx11::basic_string<char, std::char_traits<char>, std::allocator<char> >::basic_string(std::__cxx11::basic_string<char, std::char_traits<char>, std::allocator<char> > const&)
 .text._ZNSt7__cxx1112basic_stringIcSt11char_traitsIcESaIcEE12_M_constructIPKcEEvT_S8_St20forward_iterator_tag
                0x00011d08       0x70 c:/gcc-arm-none-eabi-10.3-2021.10/bin/../lib/gcc/arm-none-eabi/10.3.1/../../../../arm-none-eabi/lib/thumb/v7e-m/nofp\libstdc++.a(string-inst.o)
                0x00011d08                void std::__cxx11::basic_string<char, std::char_traits<char>, std::allocator<char> >::_M_construct<char const*>(char const*, char const*, std::forward_iterator_tag)
 .text._ZNSt7__cxx1112basic_stringIcSt11char_traitsIcESaIcEEC2EPKcRKS3_
                0x00011d78       0x38 c:/gcc-arm-none-eabi-10.3-2021.10/bin/../lib/gcc/arm-none-eabi/10.3.1/../../../../arm-none-eabi/lib/thumb/v7e-m/nofp\libstdc++.a(string-inst.o)
                0x00011d78                std::__cxx11::basic_string<char, std::char_traits<char>, std::allocator<char> >::basic_string(char const*, std::allocator<char> const&)
                0x00011d78                std::__cxx11::basic_string<char, std::char_traits<char>, std::allocator<char> >::basic_string(char const*, std::allocator<char> const&)
 .text._ZNKSt9bad_alloc4whatEv
                0x00011db0        0x8 c:/gcc-arm-none-eabi-10.3-2021.10/bin/../lib/gcc/arm-none-eabi/10.3.1/../../../../arm-none-eabi/lib/thumb/v7e-m/nofp\libstdc++.a(bad_alloc.o)
                0x00011db0                std::bad_alloc::what() const
 .text._ZNSt9bad_allocD2Ev
                0x00011db8       0x14 c:/gcc-arm-none-eabi-10.3-2021.10/bin/../lib/gcc/arm-none-eabi/10.3.1/../../../../arm-none-eabi/lib/thumb/v7e-m/nofp\libstdc++.a(bad_alloc.o)
                0x00011db8                std::bad_alloc::~bad_alloc()
                0x00011db8                std::bad_alloc::~bad_alloc()
 .text._ZNSt9bad_allocD0Ev
                0x00011dcc       0x1c c:/gcc-arm-none-eabi-10.3-2021.10/bin/../lib/gcc/arm-none-eabi/10.3.1/../../../../arm-none-eabi/lib/thumb/v7e-m/nofp\libstdc++.a(bad_alloc.o)
                0x00011dcc                std::bad_alloc::~bad_alloc()
 .text._ZdlPv   0x00011de8        0x4 c:/gcc-arm-none-eabi-10.3-2021.10/bin/../lib/gcc/arm-none-eabi/10.3.1/../../../../arm-none-eabi/lib/thumb/v7e-m/nofp\libstdc++.a(del_op.o)
                0x00011de8                operator delete(void*)
 .text._ZN12_GLOBAL__N_14pool4freeEPv.constprop.0
                0x00011dec       0x88 c:/gcc-arm-none-eabi-10.3-2021.10/bin/../lib/gcc/arm-none-eabi/10.3.1/../../../../arm-none-eabi/lib/thumb/v7e-m/nofp\libstdc++.a(eh_alloc.o)
 .text._ZN12_GLOBAL__N_14pool8allocateEj.constprop.0
                0x00011e74       0x5c c:/gcc-arm-none-eabi-10.3-2021.10/bin/../lib/gcc/arm-none-eabi/10.3.1/../../../../arm-none-eabi/lib/thumb/v7e-m/nofp\libstdc++.a(eh_alloc.o)
 .text.__cxa_allocate_exception
                0x00011ed0       0x30 c:/gcc-arm-none-eabi-10.3-2021.10/bin/../lib/gcc/arm-none-eabi/10.3.1/../../../../arm-none-eabi/lib/thumb/v7e-m/nofp\libstdc++.a(eh_alloc.o)
                0x00011ed0                __cxa_allocate_exception
 .text.__cxa_free_exception
                0x00011f00       0x20 c:/gcc-arm-none-eabi-10.3-2021.10/bin/../lib/gcc/arm-none-eabi/10.3.1/../../../../arm-none-eabi/lib/thumb/v7e-m/nofp\libstdc++.a(eh_alloc.o)
                0x00011f00                __cxa_free_exception
 .text.startup._GLOBAL__sub_I__ZN9__gnu_cxx9__freeresEv
                0x00011f20       0x28 c:/gcc-arm-none-eabi-10.3-2021.10/bin/../lib/gcc/arm-none-eabi/10.3.1/../../../../arm-none-eabi/lib/thumb/v7e-m/nofp\libstdc++.a(eh_alloc.o)
 .text.__cxa_end_cleanup
                0x00011f48        0xc c:/gcc-arm-none-eabi-10.3-2021.10/bin/../lib/gcc/arm-none-eabi/10.3.1/../../../../arm-none-eabi/lib/thumb/v7e-m/nofp\libstdc++.a(eh_arm.o)
                0x00011f48                __cxa_end_cleanup
 .text.__cxa_type_match
                0x00011f54       0xb4 c:/gcc-arm-none-eabi-10.3-2021.10/bin/../lib/gcc/arm-none-eabi/10.3.1/../../../../arm-none-eabi/lib/thumb/v7e-m/nofp\libstdc++.a(eh_arm.o)
                0x00011f54                __cxa_type_match
 .text.__cxa_begin_cleanup
                0x00012008       0x64 c:/gcc-arm-none-eabi-10.3-2021.10/bin/../lib/gcc/arm-none-eabi/10.3.1/../../../../arm-none-eabi/lib/thumb/v7e-m/nofp\libstdc++.a(eh_arm.o)
                0x00012008                __cxa_begin_cleanup
 .text.__gnu_end_cleanup
                0x0001206c       0x70 c:/gcc-arm-none-eabi-10.3-2021.10/bin/../lib/gcc/arm-none-eabi/10.3.1/../../../../arm-none-eabi/lib/thumb/v7e-m/nofp\libstdc++.a(eh_arm.o)
                0x0001206c                __gnu_end_cleanup
 .text.__cxa_begin_catch
                0x000120dc       0x7c c:/gcc-arm-none-eabi-10.3-2021.10/bin/../lib/gcc/arm-none-eabi/10.3.1/../../../../arm-none-eabi/lib/thumb/v7e-m/nofp\libstdc++.a(eh_catch.o)
                0x000120dc                __cxa_begin_catch
 .text.__cxa_end_catch
                0x00012158       0x8c c:/gcc-arm-none-eabi-10.3-2021.10/bin/../lib/gcc/arm-none-eabi/10.3.1/../../../../arm-none-eabi/lib/thumb/v7e-m/nofp\libstdc++.a(eh_catch.o)
                0x00012158                __cxa_end_catch
 .text._ZNSt9exceptionD2Ev
                0x000121e4        0x4 c:/gcc-arm-none-eabi-10.3-2021.10/bin/../lib/gcc/arm-none-eabi/10.3.1/../../../../arm-none-eabi/lib/thumb/v7e-m/nofp\libstdc++.a(eh_exception.o)
                0x000121e4                std::exception::~exception()
                0x000121e4                std::exception::~exception()
 .text._ZNSt13bad_exceptionD2Ev
                0x000121e8        0x4 c:/gcc-arm-none-eabi-10.3-2021.10/bin/../lib/gcc/arm-none-eabi/10.3.1/../../../../arm-none-eabi/lib/thumb/v7e-m/nofp\libstdc++.a(eh_exception.o)
                0x000121e8                std::bad_exception::~bad_exception()
                0x000121e8                std::bad_exception::~bad_exception()
 .text._ZNKSt13bad_exception4whatEv
                0x000121ec        0x8 c:/gcc-arm-none-eabi-10.3-2021.10/bin/../lib/gcc/arm-none-eabi/10.3.1/../../../../arm-none-eabi/lib/thumb/v7e-m/nofp\libstdc++.a(eh_exception.o)
                0x000121ec                std::bad_exception::what() const
                0x000121ec                transaction clone for std::bad_exception::what() const
 .text._ZNSt13bad_exceptionD0Ev
                0x000121f4       0x10 c:/gcc-arm-none-eabi-10.3-2021.10/bin/../lib/gcc/arm-none-eabi/10.3.1/../../../../arm-none-eabi/lib/thumb/v7e-m/nofp\libstdc++.a(eh_exception.o)
                0x000121f4                std::bad_exception::~bad_exception()
 .text.__cxa_get_globals_fast
                0x00012204        0x8 c:/gcc-arm-none-eabi-10.3-2021.10/bin/../lib/gcc/arm-none-eabi/10.3.1/../../../../arm-none-eabi/lib/thumb/v7e-m/nofp\libstdc++.a(eh_globals.o)
                0x00012204                __cxa_get_globals_fast
 .text.__cxa_get_globals
                0x0001220c        0x8 c:/gcc-arm-none-eabi-10.3-2021.10/bin/../lib/gcc/arm-none-eabi/10.3.1/../../../../arm-none-eabi/lib/thumb/v7e-m/nofp\libstdc++.a(eh_globals.o)
                0x0001220c                __cxa_get_globals
 .text._ZL28read_encoded_value_with_basehjPKhPj
                0x00012214       0xc0 c:/gcc-arm-none-eabi-10.3-2021.10/bin/../lib/gcc/arm-none-eabi/10.3.1/../../../../arm-none-eabi/lib/thumb/v7e-m/nofp\libstdc++.a(eh_personality.o)
 .text._ZL21base_of_encoded_valuehP15_Unwind_Context
                0x000122d4       0x48 c:/gcc-arm-none-eabi-10.3-2021.10/bin/../lib/gcc/arm-none-eabi/10.3.1/../../../../arm-none-eabi/lib/thumb/v7e-m/nofp\libstdc++.a(eh_personality.o)
 .text._ZL17parse_lsda_headerP15_Unwind_ContextPKhP16lsda_header_info
                0x0001231c       0x94 c:/gcc-arm-none-eabi-10.3-2021.10/bin/../lib/gcc/arm-none-eabi/10.3.1/../../../../arm-none-eabi/lib/thumb/v7e-m/nofp\libstdc++.a(eh_personality.o)
 .text.__gxx_personality_v0
                0x000123b0      0x4a8 c:/gcc-arm-none-eabi-10.3-2021.10/bin/../lib/gcc/arm-none-eabi/10.3.1/../../../../arm-none-eabi/lib/thumb/v7e-m/nofp\libstdc++.a(eh_personality.o)
                0x000123b0                __gxx_personality_v0
 .text._ZN10__cxxabiv111__terminateEPFvvE
                0x00012858       0x28 c:/gcc-arm-none-eabi-10.3-2021.10/bin/../lib/gcc/arm-none-eabi/10.3.1/../../../../arm-none-eabi/lib/thumb/v7e-m/nofp\libstdc++.a(eh_terminate.o)
                0x00012858                __cxxabiv1::__terminate(void (*)())
 .text._ZSt9terminatev
                0x00012880       0x14 c:/gcc-arm-none-eabi-10.3-2021.10/bin/../lib/gcc/arm-none-eabi/10.3.1/../../../../arm-none-eabi/lib/thumb/v7e-m/nofp\libstdc++.a(eh_terminate.o)
                0x00012880                std::terminate()
 .text._ZN10__cxxabiv112__unexpectedEPFvvE
                0x00012894        0x8 c:/gcc-arm-none-eabi-10.3-2021.10/bin/../lib/gcc/arm-none-eabi/10.3.1/../../../../arm-none-eabi/lib/thumb/v7e-m/nofp\libstdc++.a(eh_terminate.o)
                0x00012894                __cxxabiv1::__unexpected(void (*)())
 .text._ZSt10unexpectedv
                0x0001289c       0x14 c:/gcc-arm-none-eabi-10.3-2021.10/bin/../lib/gcc/arm-none-eabi/10.3.1/../../../../arm-none-eabi/lib/thumb/v7e-m/nofp\libstdc++.a(eh_terminate.o)
                0x0001289c                std::unexpected()
 .text._ZSt13get_terminatev
                0x000128b0       0x10 c:/gcc-arm-none-eabi-10.3-2021.10/bin/../lib/gcc/arm-none-eabi/10.3.1/../../../../arm-none-eabi/lib/thumb/v7e-m/nofp\libstdc++.a(eh_terminate.o)
                0x000128b0                std::get_terminate()
 .text._ZSt14get_unexpectedv
                0x000128c0       0x10 c:/gcc-arm-none-eabi-10.3-2021.10/bin/../lib/gcc/arm-none-eabi/10.3.1/../../../../arm-none-eabi/lib/thumb/v7e-m/nofp\libstdc++.a(eh_terminate.o)
                0x000128c0                std::get_unexpected()
 .text._ZL23__gxx_exception_cleanup19_Unwind_Reason_CodeP21_Unwind_Control_Block
                0x000128d0       0x44 c:/gcc-arm-none-eabi-10.3-2021.10/bin/../lib/gcc/arm-none-eabi/10.3.1/../../../../arm-none-eabi/lib/thumb/v7e-m/nofp\libstdc++.a(eh_throw.o)
 .text.__cxa_init_primary_exception
                0x00012914       0x58 c:/gcc-arm-none-eabi-10.3-2021.10/bin/../lib/gcc/arm-none-eabi/10.3.1/../../../../arm-none-eabi/lib/thumb/v7e-m/nofp\libstdc++.a(eh_throw.o)
                0x00012914                __cxa_init_primary_exception
 .text.__cxa_throw
                0x0001296c       0x34 c:/gcc-arm-none-eabi-10.3-2021.10/bin/../lib/gcc/arm-none-eabi/10.3.1/../../../../arm-none-eabi/lib/thumb/v7e-m/nofp\libstdc++.a(eh_throw.o)
                0x0001296c                __cxa_throw
 .text.__cxa_rethrow
                0x000129a0       0x70 c:/gcc-arm-none-eabi-10.3-2021.10/bin/../lib/gcc/arm-none-eabi/10.3.1/../../../../arm-none-eabi/lib/thumb/v7e-m/nofp\libstdc++.a(eh_throw.o)
                0x000129a0                __cxa_rethrow
 .text._ZSt15get_new_handlerv
                0x00012a10       0x10 c:/gcc-arm-none-eabi-10.3-2021.10/bin/../lib/gcc/arm-none-eabi/10.3.1/../../../../arm-none-eabi/lib/thumb/v7e-m/nofp\libstdc++.a(new_handler.o)
                0x00012a10                std::get_new_handler()
 .text._ZN10__cxxabiv120__si_class_type_infoD2Ev
                0x00012a20       0x14 c:/gcc-arm-none-eabi-10.3-2021.10/bin/../lib/gcc/arm-none-eabi/10.3.1/../../../../arm-none-eabi/lib/thumb/v7e-m/nofp\libstdc++.a(si_class_type_info.o)
                0x00012a20                __cxxabiv1::__si_class_type_info::~__si_class_type_info()
                0x00012a20                __cxxabiv1::__si_class_type_info::~__si_class_type_info()
 .text._ZN10__cxxabiv120__si_class_type_infoD0Ev
                0x00012a34       0x1c c:/gcc-arm-none-eabi-10.3-2021.10/bin/../lib/gcc/arm-none-eabi/10.3.1/../../../../arm-none-eabi/lib/thumb/v7e-m/nofp\libstdc++.a(si_class_type_info.o)
                0x00012a34                __cxxabiv1::__si_class_type_info::~__si_class_type_info()
 .text._ZNK10__cxxabiv120__si_class_type_info20__do_find_public_srcEiPKvPKNS_17__class_type_infoES2_
                0x00012a50       0x3c c:/gcc-arm-none-eabi-10.3-2021.10/bin/../lib/gcc/arm-none-eabi/10.3.1/../../../../arm-none-eabi/lib/thumb/v7e-m/nofp\libstdc++.a(si_class_type_info.o)
                0x00012a50                __cxxabiv1::__si_class_type_info::__do_find_public_src(int, void const*, __cxxabiv1::__class_type_info const*, void const*) const
 .text._ZNK10__cxxabiv120__si_class_type_info12__do_dyncastEiNS_17__class_type_info10__sub_kindEPKS1_PKvS4_S6_RNS1_16__dyncast_resultE
                0x00012a8c       0x84 c:/gcc-arm-none-eabi-10.3-2021.10/bin/../lib/gcc/arm-none-eabi/10.3.1/../../../../arm-none-eabi/lib/thumb/v7e-m/nofp\libstdc++.a(si_class_type_info.o)
                0x00012a8c                __cxxabiv1::__si_class_type_info::__do_dyncast(int, __cxxabiv1::__class_type_info::__sub_kind, __cxxabiv1::__class_type_info const*, void const*, __cxxabiv1::__class_type_info const*, void const*, __cxxabiv1::__class_type_info::__dyncast_result&) const
 .text._ZNK10__cxxabiv120__si_class_type_info11__do_upcastEPKNS_17__class_type_infoEPKvRNS1_15__upcast_resultE
                0x00012b10       0x2c c:/gcc-arm-none-eabi-10.3-2021.10/bin/../lib/gcc/arm-none-eabi/10.3.1/../../../../arm-none-eabi/lib/thumb/v7e-m/nofp\libstdc++.a(si_class_type_info.o)
                0x00012b10                __cxxabiv1::__si_class_type_info::__do_upcast(__cxxabiv1::__class_type_info const*, void const*, __cxxabiv1::__class_type_info::__upcast_result&) const
 .text._ZNSt9type_infoD2Ev
                0x00012b3c        0x4 c:/gcc-arm-none-eabi-10.3-2021.10/bin/../lib/gcc/arm-none-eabi/10.3.1/../../../../arm-none-eabi/lib/thumb/v7e-m/nofp\libstdc++.a(tinfo.o)
                0x00012b3c                std::type_info::~type_info()
                0x00012b3c                std::type_info::~type_info()
 .text._ZNKSt9type_info14__is_pointer_pEv
                0x00012b40        0x4 c:/gcc-arm-none-eabi-10.3-2021.10/bin/../lib/gcc/arm-none-eabi/10.3.1/../../../../arm-none-eabi/lib/thumb/v7e-m/nofp\libstdc++.a(tinfo.o)
                0x00012b40                std::type_info::__is_pointer_p() const
                0x00012b40                std::type_info::__is_function_p() const
 .text._ZNKSt9type_infoeqERKS_
                0x00012b44       0x2c c:/gcc-arm-none-eabi-10.3-2021.10/bin/../lib/gcc/arm-none-eabi/10.3.1/../../../../arm-none-eabi/lib/thumb/v7e-m/nofp\libstdc++.a(tinfo.o)
                0x00012b44                std::type_info::operator==(std::type_info const&) const
 .text._ZN9__gnu_cxx27__verbose_terminate_handlerEv
                0x00012b70      0x10c c:/gcc-arm-none-eabi-10.3-2021.10/bin/../lib/gcc/arm-none-eabi/10.3.1/../../../../arm-none-eabi/lib/thumb/v7e-m/nofp\libstdc++.a(vterminate.o)
                0x00012b70                __gnu_cxx::__verbose_terminate_handler()
 .text.unlikely._ZSt17__throw_bad_allocv
                0x00012c7c       0x20 c:/gcc-arm-none-eabi-10.3-2021.10/bin/../lib/gcc/arm-none-eabi/10.3.1/../../../../arm-none-eabi/lib/thumb/v7e-m/nofp\libstdc++.a(functexcept.o)
                0x00012c7c                std::__throw_bad_alloc()
 .text.unlikely._ZSt19__throw_logic_errorPKc
                0x00012c9c       0x30 c:/gcc-arm-none-eabi-10.3-2021.10/bin/../lib/gcc/arm-none-eabi/10.3.1/../../../../arm-none-eabi/lib/thumb/v7e-m/nofp\libstdc++.a(functexcept.o)
                0x00012c9c                std::__throw_logic_error(char const*)
 .text.unlikely._ZSt20__throw_length_errorPKc
                0x00012ccc       0x30 c:/gcc-arm-none-eabi-10.3-2021.10/bin/../lib/gcc/arm-none-eabi/10.3.1/../../../../arm-none-eabi/lib/thumb/v7e-m/nofp\libstdc++.a(functexcept.o)
                0x00012ccc                std::__throw_length_error(char const*)
 .text._ZNK10__cxxabiv117__class_type_info11__do_upcastEPKS0_PPv
                0x00012cfc       0x34 c:/gcc-arm-none-eabi-10.3-2021.10/bin/../lib/gcc/arm-none-eabi/10.3.1/../../../../arm-none-eabi/lib/thumb/v7e-m/nofp\libstdc++.a(class_type_info.o)
                0x00012cfc                __cxxabiv1::__class_type_info::__do_upcast(__cxxabiv1::__class_type_info const*, void**) const
 .text._ZNK10__cxxabiv117__class_type_info20__do_find_public_srcEiPKvPKS0_S2_
                0x00012d30        0xc c:/gcc-arm-none-eabi-10.3-2021.10/bin/../lib/gcc/arm-none-eabi/10.3.1/../../../../arm-none-eabi/lib/thumb/v7e-m/nofp\libstdc++.a(class_type_info.o)
                0x00012d30                __cxxabiv1::__class_type_info::__do_find_public_src(int, void const*, __cxxabiv1::__class_type_info const*, void const*) const
 .text._ZN10__cxxabiv117__class_type_infoD2Ev
                0x00012d3c       0x14 c:/gcc-arm-none-eabi-10.3-2021.10/bin/../lib/gcc/arm-none-eabi/10.3.1/../../../../arm-none-eabi/lib/thumb/v7e-m/nofp\libstdc++.a(class_type_info.o)
                0x00012d3c                __cxxabiv1::__class_type_info::~__class_type_info()
                0x00012d3c                __cxxabiv1::__class_type_info::~__class_type_info()
 .text._ZN10__cxxabiv117__class_type_infoD0Ev
                0x00012d50       0x1c c:/gcc-arm-none-eabi-10.3-2021.10/bin/../lib/gcc/arm-none-eabi/10.3.1/../../../../arm-none-eabi/lib/thumb/v7e-m/nofp\libstdc++.a(class_type_info.o)
                0x00012d50                __cxxabiv1::__class_type_info::~__class_type_info()
 .text._ZNK10__cxxabiv117__class_type_info12__do_dyncastEiNS0_10__sub_kindEPKS0_PKvS3_S5_RNS0_16__dyncast_resultE
                0x00012d6c       0x44 c:/gcc-arm-none-eabi-10.3-2021.10/bin/../lib/gcc/arm-none-eabi/10.3.1/../../../../arm-none-eabi/lib/thumb/v7e-m/nofp\libstdc++.a(class_type_info.o)
                0x00012d6c                __cxxabiv1::__class_type_info::__do_dyncast(int, __cxxabiv1::__class_type_info::__sub_kind, __cxxabiv1::__class_type_info const*, void const*, __cxxabiv1::__class_type_info const*, void const*, __cxxabiv1::__class_type_info::__dyncast_result&) const
 .text._ZNK10__cxxabiv117__class_type_info11__do_upcastEPKS0_PKvRNS0_15__upcast_resultE
                0x00012db0       0x1c c:/gcc-arm-none-eabi-10.3-2021.10/bin/../lib/gcc/arm-none-eabi/10.3.1/../../../../arm-none-eabi/lib/thumb/v7e-m/nofp\libstdc++.a(class_type_info.o)
                0x00012db0                __cxxabiv1::__class_type_info::__do_upcast(__cxxabiv1::__class_type_info const*, void const*, __cxxabiv1::__class_type_info::__upcast_result&) const
 .text._ZNK10__cxxabiv117__class_type_info10__do_catchEPKSt9type_infoPPvj
                0x00012dcc       0x2c c:/gcc-arm-none-eabi-10.3-2021.10/bin/../lib/gcc/arm-none-eabi/10.3.1/../../../../arm-none-eabi/lib/thumb/v7e-m/nofp\libstdc++.a(class_type_info.o)
                0x00012dcc                __cxxabiv1::__class_type_info::__do_catch(std::type_info const*, void**, unsigned int) const
 .text          0x00012df8     0x5fa4 c:/gcc-arm-none-eabi-10.3-2021.10/bin/../lib/gcc/arm-none-eabi/10.3.1/../../../../arm-none-eabi/lib/thumb/v7e-m/nofp\libstdc++.a(cp-demangle.o)
                0x00018cb4                __cxa_demangle
                0x00018d78                __gcclibcxx_demangle_callback
 .text._ZN10__cxxabiv1L24__is_gxx_exception_classEPc
                0x00018d9c       0x3c c:/gcc-arm-none-eabi-10.3-2021.10/bin/../lib/gcc/arm-none-eabi/10.3.1/../../../../arm-none-eabi/lib/thumb/v7e-m/nofp\libstdc++.a(eh_call.o)
 .text.__cxa_call_terminate
                0x00018dd8       0x20 c:/gcc-arm-none-eabi-10.3-2021.10/bin/../lib/gcc/arm-none-eabi/10.3.1/../../../../arm-none-eabi/lib/thumb/v7e-m/nofp\libstdc++.a(eh_call.o)
                0x00018dd8                __cxa_call_terminate
 .text.unlikely.__cxa_call_unexpected
                0x00018df8       0xe4 c:/gcc-arm-none-eabi-10.3-2021.10/bin/../lib/gcc/arm-none-eabi/10.3.1/../../../../arm-none-eabi/lib/thumb/v7e-m/nofp\libstdc++.a(eh_call.o)
                0x00018df8                __cxa_call_unexpected
 .text.__cxa_current_exception_type
                0x00018edc       0x1c c:/gcc-arm-none-eabi-10.3-2021.10/bin/../lib/gcc/arm-none-eabi/10.3.1/../../../../arm-none-eabi/lib/thumb/v7e-m/nofp\libstdc++.a(eh_type.o)
                0x00018edc                __cxa_current_exception_type
 .text._ZNKSt11logic_error4whatEv
                0x00018ef8        0x4 c:/gcc-arm-none-eabi-10.3-2021.10/bin/../lib/gcc/arm-none-eabi/10.3.1/../../../../arm-none-eabi/lib/thumb/v7e-m/nofp\libstdc++.a(stdexcept.o)
                0x00018ef8                std::logic_error::what() const
                0x00018ef8                std::runtime_error::what() const
 .text._ZNSt11logic_errorD2Ev
                0x00018efc       0x40 c:/gcc-arm-none-eabi-10.3-2021.10/bin/../lib/gcc/arm-none-eabi/10.3.1/../../../../arm-none-eabi/lib/thumb/v7e-m/nofp\libstdc++.a(stdexcept.o)
                0x00018efc                std::logic_error::~logic_error()
                0x00018efc                std::logic_error::~logic_error()
 .text._ZNSt12length_errorD2Ev
                0x00018f3c       0x40 c:/gcc-arm-none-eabi-10.3-2021.10/bin/../lib/gcc/arm-none-eabi/10.3.1/../../../../arm-none-eabi/lib/thumb/v7e-m/nofp\libstdc++.a(stdexcept.o)
                0x00018f3c                std::length_error::~length_error()
                0x00018f3c                std::length_error::~length_error()
 .text._ZNSt11logic_errorD0Ev
                0x00018f7c       0x48 c:/gcc-arm-none-eabi-10.3-2021.10/bin/../lib/gcc/arm-none-eabi/10.3.1/../../../../arm-none-eabi/lib/thumb/v7e-m/nofp\libstdc++.a(stdexcept.o)
                0x00018f7c                std::logic_error::~logic_error()
 .text._ZNSt12length_errorD0Ev
                0x00018fc4       0x48 c:/gcc-arm-none-eabi-10.3-2021.10/bin/../lib/gcc/arm-none-eabi/10.3.1/../../../../arm-none-eabi/lib/thumb/v7e-m/nofp\libstdc++.a(stdexcept.o)
                0x00018fc4                std::length_error::~length_error()
 .text._ZNSt11logic_errorC2EPKc
                0x0001900c       0x80 c:/gcc-arm-none-eabi-10.3-2021.10/bin/../lib/gcc/arm-none-eabi/10.3.1/../../../../arm-none-eabi/lib/thumb/v7e-m/nofp\libstdc++.a(cow-stdexcept.o)
                0x0001900c                std::logic_error::logic_error(char const*)
                0x0001900c                std::logic_error::logic_error(char const*)
 .text._ZNSt12length_errorC2EPKc
                0x0001908c       0x14 c:/gcc-arm-none-eabi-10.3-2021.10/bin/../lib/gcc/arm-none-eabi/10.3.1/../../../../arm-none-eabi/lib/thumb/v7e-m/nofp\libstdc++.a(cow-stdexcept.o)
                0x0001908c                std::length_error::length_error(char const*)
                0x0001908c                std::length_error::length_error(char const*)
 .text._ZNSs4_Rep9_S_createEjjRKSaIcE
                0x000190a0       0x78 c:/gcc-arm-none-eabi-10.3-2021.10/bin/../lib/gcc/arm-none-eabi/10.3.1/../../../../arm-none-eabi/lib/thumb/v7e-m/nofp\libstdc++.a(cow-string-inst.o)
                0x000190a0                std::string::_Rep::_S_create(unsigned int, unsigned int, std::allocator<char> const&)
 .text._ZNSs4_Rep10_M_destroyERKSaIcE
                0x00019118        0x4 c:/gcc-arm-none-eabi-10.3-2021.10/bin/../lib/gcc/arm-none-eabi/10.3.1/../../../../arm-none-eabi/lib/thumb/v7e-m/nofp\libstdc++.a(cow-string-inst.o)
                0x00019118                std::string::_Rep::_M_destroy(std::allocator<char> const&)
 .text          0x0001911c      0x378 c:/gcc-arm-none-eabi-10.3-2021.10/bin/../lib/gcc/arm-none-eabi/10.3.1/thumb/v7e-m/nofp\libgcc.a(_arm_addsubdf3.o)
                0x0001911c                __aeabi_drsub
                0x00019124                __aeabi_dsub
                0x00019124                __subdf3
                0x00019128                __aeabi_dadd
                0x00019128                __adddf3
                0x000193a0                __floatunsidf
                0x000193a0                __aeabi_ui2d
                0x000193c0                __floatsidf
                0x000193c0                __aeabi_i2d
                0x000193e4                __aeabi_f2d
                0x000193e4                __extendsfdf2
                0x00019428                __floatundidf
                0x00019428                __aeabi_ul2d
                0x00019438                __floatdidf
                0x00019438                __aeabi_l2d
 .text          0x00019494      0x424 c:/gcc-arm-none-eabi-10.3-2021.10/bin/../lib/gcc/arm-none-eabi/10.3.1/thumb/v7e-m/nofp\libgcc.a(_arm_muldivdf3.o)
                0x00019494                __aeabi_dmul
                0x00019494                __muldf3
                0x000196e8                __divdf3
                0x000196e8                __aeabi_ddiv
 .text          0x000198b8      0x110 c:/gcc-arm-none-eabi-10.3-2021.10/bin/../lib/gcc/arm-none-eabi/10.3.1/thumb/v7e-m/nofp\libgcc.a(_arm_cmpdf2.o)
                0x000198b8                __gtdf2
                0x000198b8                __gedf2
                0x000198c0                __ltdf2
                0x000198c0                __ledf2
                0x000198c8                __nedf2
                0x000198c8                __eqdf2
                0x000198c8                __cmpdf2
                0x00019944                __aeabi_cdrcmple
                0x00019954                __aeabi_cdcmpeq
                0x00019954                __aeabi_cdcmple
                0x00019964                __aeabi_dcmpeq
                0x00019978                __aeabi_dcmplt
                0x0001998c                __aeabi_dcmple
                0x000199a0                __aeabi_dcmpge
                0x000199b4                __aeabi_dcmpgt
 .text          0x000199c8       0x50 c:/gcc-arm-none-eabi-10.3-2021.10/bin/../lib/gcc/arm-none-eabi/10.3.1/thumb/v7e-m/nofp\libgcc.a(_arm_fixdfsi.o)
                0x000199c8                __aeabi_d2iz
                0x000199c8                __fixdfsi
 .text          0x00019a18       0x40 c:/gcc-arm-none-eabi-10.3-2021.10/bin/../lib/gcc/arm-none-eabi/10.3.1/thumb/v7e-m/nofp\libgcc.a(_arm_fixunsdfsi.o)
                0x00019a18                __aeabi_d2uiz
                0x00019a18                __fixunsdfsi
 .text          0x00019a58       0xa0 c:/gcc-arm-none-eabi-10.3-2021.10/bin/../lib/gcc/arm-none-eabi/10.3.1/thumb/v7e-m/nofp\libgcc.a(_arm_truncdfsf2.o)
                0x00019a58                __truncdfsf2
                0x00019a58                __aeabi_d2f
 .text          0x00019af8      0x21c c:/gcc-arm-none-eabi-10.3-2021.10/bin/../lib/gcc/arm-none-eabi/10.3.1/thumb/v7e-m/nofp\libgcc.a(_arm_addsubsf3.o)
                0x00019af8                __aeabi_frsub
                0x00019b00                __subsf3
                0x00019b00                __aeabi_fsub
                0x00019b04                __aeabi_fadd
                0x00019b04                __addsf3
                0x00019c64                __aeabi_ui2f
                0x00019c64                __floatunsisf
                0x00019c6c                __aeabi_i2f
                0x00019c6c                __floatsisf
                0x00019c88                __aeabi_ul2f
                0x00019c88                __floatundisf
                0x00019c98                __aeabi_l2f
                0x00019c98                __floatdisf
 .text          0x00019d14      0x2a0 c:/gcc-arm-none-eabi-10.3-2021.10/bin/../lib/gcc/arm-none-eabi/10.3.1/thumb/v7e-m/nofp\libgcc.a(_arm_muldivsf3.o)
                0x00019d14                __mulsf3
                0x00019d14                __aeabi_fmul
                0x00019e7c                __aeabi_fdiv
                0x00019e7c                __divsf3
 .text          0x00019fb4       0xec c:/gcc-arm-none-eabi-10.3-2021.10/bin/../lib/gcc/arm-none-eabi/10.3.1/thumb/v7e-m/nofp\libgcc.a(_arm_cmpsf2.o)
                0x00019fb4                __gesf2
                0x00019fb4                __gtsf2
                0x00019fbc                __lesf2
                0x00019fbc                __ltsf2
                0x00019fc4                __nesf2
                0x00019fc4                __eqsf2
                0x00019fc4                __cmpsf2
                0x0001a024                __aeabi_cfrcmple
                0x0001a02c                __aeabi_cfcmpeq
                0x0001a02c                __aeabi_cfcmple
                0x0001a03c                __aeabi_fcmpeq
                0x0001a050                __aeabi_fcmplt
                0x0001a064                __aeabi_fcmple
                0x0001a078                __aeabi_fcmpge
                0x0001a08c                __aeabi_fcmpgt
 .text          0x0001a0a0      0x9d8 c:/gcc-arm-none-eabi-10.3-2021.10/bin/../lib/gcc/arm-none-eabi/10.3.1/thumb/v7e-m/nofp\libgcc.a(unwind-arm.o)
                0x0001a348                _Unwind_GetCFA
                0x0001a34c                __gnu_Unwind_RaiseException
                0x0001a3b4                __gnu_Unwind_ForcedUnwind
                0x0001a3c4                __gnu_Unwind_Resume
                0x0001a408                __gnu_Unwind_Resume_or_Rethrow
                0x0001a418                _Unwind_Complete
                0x0001a41c                _Unwind_DeleteException
                0x0001a428                _Unwind_VRS_Get
                0x0001a474                _Unwind_VRS_Set
                0x0001a4bc                __gnu_Unwind_Backtrace
                0x0001a7e8                __aeabi_unwind_cpp_pr0
                0x0001a7ec                __aeabi_unwind_cpp_pr1
                0x0001a7f0                __aeabi_unwind_cpp_pr2
                0x0001a7f4                _Unwind_VRS_Pop
 .text          0x0001aa78      0x1ac c:/gcc-arm-none-eabi-10.3-2021.10/bin/../lib/gcc/arm-none-eabi/10.3.1/thumb/v7e-m/nofp\libgcc.a(libunwind.o)
                0x0001aa78                __restore_core_regs
                0x0001aa78                restore_core_regs
                0x0001aa90                __gnu_Unwind_Restore_VFP
                0x0001aa98                __gnu_Unwind_Save_VFP
                0x0001aaa0                __gnu_Unwind_Restore_VFP_D
                0x0001aaa8                __gnu_Unwind_Save_VFP_D
                0x0001aab0                __gnu_Unwind_Restore_VFP_D_16_to_31
                0x0001aab8                __gnu_Unwind_Save_VFP_D_16_to_31
                0x0001aac0                __gnu_Unwind_Restore_WMMXD
                0x0001ab04                __gnu_Unwind_Save_WMMXD
                0x0001ab48                __gnu_Unwind_Restore_WMMXC
                0x0001ab5c                __gnu_Unwind_Save_WMMXC
                0x0001ab70                ___Unwind_RaiseException
                0x0001ab70                _Unwind_RaiseException
                0x0001ab94                _Unwind_Resume
                0x0001ab94                ___Unwind_Resume
                0x0001abb8                _Unwind_Resume_or_Rethrow
                0x0001abb8                ___Unwind_Resume_or_Rethrow
                0x0001abdc                _Unwind_ForcedUnwind
                0x0001abdc                ___Unwind_ForcedUnwind
                0x0001ac00                ___Unwind_Backtrace
                0x0001ac00                _Unwind_Backtrace
 .text          0x0001ac24      0x350 c:/gcc-arm-none-eabi-10.3-2021.10/bin/../lib/gcc/arm-none-eabi/10.3.1/thumb/v7e-m/nofp\libgcc.a(pr-support.o)
                0x0001ac7c                __gnu_unwind_execute
                0x0001af28                __gnu_unwind_frame
                0x0001af54                _Unwind_GetRegionStart
                0x0001af60                _Unwind_GetLanguageSpecificData
 .text.unlikely
                0x0001af74        0xc c:/gcc-arm-none-eabi-10.3-2021.10/bin/../lib/gcc/arm-none-eabi/10.3.1/thumb/v7e-m/nofp\libgcc.a(pr-support.o)
                0x0001af74                _Unwind_GetDataRelBase
                0x0001af7a                _Unwind_GetTextRelBase
 .text.abort    0x0001af80       0x10 c:/gcc-arm-none-eabi-10.3-2021.10/bin/../lib/gcc/arm-none-eabi/10.3.1/../../../../arm-none-eabi/lib/thumb/v7e-m/nofp\libg.a(lib_a-abort.o)
                0x0001af80                abort
 .text.fputc    0x0001af90       0x58 c:/gcc-arm-none-eabi-10.3-2021.10/bin/../lib/gcc/arm-none-eabi/10.3.1/../../../../arm-none-eabi/lib/thumb/v7e-m/nofp\libg.a(lib_a-fputc.o)
                0x0001af90                fputc
 .text._fputs_r
                0x0001afe8       0x88 c:/gcc-arm-none-eabi-10.3-2021.10/bin/../lib/gcc/arm-none-eabi/10.3.1/../../../../arm-none-eabi/lib/thumb/v7e-m/nofp\libg.a(lib_a-fputs.o)
                0x0001afe8                _fputs_r
 .text.fputs    0x0001b070       0x18 c:/gcc-arm-none-eabi-10.3-2021.10/bin/../lib/gcc/arm-none-eabi/10.3.1/../../../../arm-none-eabi/lib/thumb/v7e-m/nofp\libg.a(lib_a-fputs.o)
                0x0001b070                fputs
 .text.__sfvwrite_r
                0x0001b088      0x2e8 c:/gcc-arm-none-eabi-10.3-2021.10/bin/../lib/gcc/arm-none-eabi/10.3.1/../../../../arm-none-eabi/lib/thumb/v7e-m/nofp\libg.a(lib_a-fvwrite.o)
                0x0001b088                __sfvwrite_r
 .text._fwrite_r
                0x0001b370       0xa8 c:/gcc-arm-none-eabi-10.3-2021.10/bin/../lib/gcc/arm-none-eabi/10.3.1/../../../../arm-none-eabi/lib/thumb/v7e-m/nofp\libg.a(lib_a-fwrite.o)
                0x0001b370                _fwrite_r
 .text.fwrite   0x0001b418       0x20 c:/gcc-arm-none-eabi-10.3-2021.10/bin/../lib/gcc/arm-none-eabi/10.3.1/../../../../arm-none-eabi/lib/thumb/v7e-m/nofp\libg.a(lib_a-fwrite.o)
                0x0001b418                fwrite
 .text.__libc_init_array
                0x0001b438       0x48 c:/gcc-arm-none-eabi-10.3-2021.10/bin/../lib/gcc/arm-none-eabi/10.3.1/../../../../arm-none-eabi/lib/thumb/v7e-m/nofp\libg.a(lib_a-init.o)
                0x0001b438                __libc_init_array
 .text.__retarget_lock_init_recursive
                0x0001b480        0x4 c:/gcc-arm-none-eabi-10.3-2021.10/bin/../lib/gcc/arm-none-eabi/10.3.1/../../../../arm-none-eabi/lib/thumb/v7e-m/nofp\libg.a(lib_a-lock.o)
                0x0001b480                __retarget_lock_init_recursive
 .text.__retarget_lock_close_recursive
                0x0001b484        0x4 c:/gcc-arm-none-eabi-10.3-2021.10/bin/../lib/gcc/arm-none-eabi/10.3.1/../../../../arm-none-eabi/lib/thumb/v7e-m/nofp\libg.a(lib_a-lock.o)
                0x0001b484                __retarget_lock_close_recursive
 .text.__retarget_lock_acquire_recursive
                0x0001b488        0x4 c:/gcc-arm-none-eabi-10.3-2021.10/bin/../lib/gcc/arm-none-eabi/10.3.1/../../../../arm-none-eabi/lib/thumb/v7e-m/nofp\libg.a(lib_a-lock.o)
                0x0001b488                __retarget_lock_acquire_recursive
 .text.__retarget_lock_release_recursive
                0x0001b48c        0x4 c:/gcc-arm-none-eabi-10.3-2021.10/bin/../lib/gcc/arm-none-eabi/10.3.1/../../../../arm-none-eabi/lib/thumb/v7e-m/nofp\libg.a(lib_a-lock.o)
                0x0001b48c                __retarget_lock_release_recursive
 .text.malloc   0x0001b490       0x10 c:/gcc-arm-none-eabi-10.3-2021.10/bin/../lib/gcc/arm-none-eabi/10.3.1/../../../../arm-none-eabi/lib/thumb/v7e-m/nofp\libg.a(lib_a-malloc.o)
                0x0001b490                malloc
 .text.free     0x0001b4a0       0x10 c:/gcc-arm-none-eabi-10.3-2021.10/bin/../lib/gcc/arm-none-eabi/10.3.1/../../../../arm-none-eabi/lib/thumb/v7e-m/nofp\libg.a(lib_a-malloc.o)
                0x0001b4a0                free
 .text._malloc_r
                0x0001b4b0      0x560 c:/gcc-arm-none-eabi-10.3-2021.10/bin/../lib/gcc/arm-none-eabi/10.3.1/../../../../arm-none-eabi/lib/thumb/v7e-m/nofp\libg.a(lib_a-mallocr.o)
                0x0001b4b0                _malloc_r
 .text          0x0001ba10       0xa0 c:/gcc-arm-none-eabi-10.3-2021.10/bin/../lib/gcc/arm-none-eabi/10.3.1/../../../../arm-none-eabi/lib/thumb/v7e-m/nofp\libg.a(lib_a-memchr.o)
                0x0001ba10                memchr
 .text.memcmp   0x0001bab0       0x68 c:/gcc-arm-none-eabi-10.3-2021.10/bin/../lib/gcc/arm-none-eabi/10.3.1/../../../../arm-none-eabi/lib/thumb/v7e-m/nofp\libg.a(lib_a-memcmp.o)
                0x0001bab0                memcmp
 .text          0x0001bb18      0x134 c:/gcc-arm-none-eabi-10.3-2021.10/bin/../lib/gcc/arm-none-eabi/10.3.1/../../../../arm-none-eabi/lib/thumb/v7e-m/nofp\libg.a(lib_a-memcpy.o)
                0x0001bb18                memcpy
 .text.memmove  0x0001bc4c       0xf8 c:/gcc-arm-none-eabi-10.3-2021.10/bin/../lib/gcc/arm-none-eabi/10.3.1/../../../../arm-none-eabi/lib/thumb/v7e-m/nofp\libg.a(lib_a-memmove.o)
                0x0001bc4c                memmove
 .text.memset   0x0001bd44       0xa4 c:/gcc-arm-none-eabi-10.3-2021.10/bin/../lib/gcc/arm-none-eabi/10.3.1/../../../../arm-none-eabi/lib/thumb/v7e-m/nofp\libg.a(lib_a-memset.o)
                0x0001bd44                memset
 .text.__malloc_lock
                0x0001bde8        0xc c:/gcc-arm-none-eabi-10.3-2021.10/bin/../lib/gcc/arm-none-eabi/10.3.1/../../../../arm-none-eabi/lib/thumb/v7e-m/nofp\libg.a(lib_a-mlock.o)
                0x0001bde8                __malloc_lock
 .text.__malloc_unlock
                0x0001bdf4        0xc c:/gcc-arm-none-eabi-10.3-2021.10/bin/../lib/gcc/arm-none-eabi/10.3.1/../../../../arm-none-eabi/lib/thumb/v7e-m/nofp\libg.a(lib_a-mlock.o)
                0x0001bdf4                __malloc_unlock
 .text._putc_r  0x0001be00       0x74 c:/gcc-arm-none-eabi-10.3-2021.10/bin/../lib/gcc/arm-none-eabi/10.3.1/../../../../arm-none-eabi/lib/thumb/v7e-m/nofp\libg.a(lib_a-putc.o)
                0x0001be00                _putc_r
 .text.realloc  0x0001be74       0x18 c:/gcc-arm-none-eabi-10.3-2021.10/bin/../lib/gcc/arm-none-eabi/10.3.1/../../../../arm-none-eabi/lib/thumb/v7e-m/nofp\libg.a(lib_a-realloc.o)
                0x0001be74                realloc
 .text._realloc_r
                0x0001be8c      0x3d8 c:/gcc-arm-none-eabi-10.3-2021.10/bin/../lib/gcc/arm-none-eabi/10.3.1/../../../../arm-none-eabi/lib/thumb/v7e-m/nofp\libg.a(lib_a-reallocr.o)
                0x0001be8c                _realloc_r
 .text._sbrk_r  0x0001c264       0x24 c:/gcc-arm-none-eabi-10.3-2021.10/bin/../lib/gcc/arm-none-eabi/10.3.1/../../../../arm-none-eabi/lib/thumb/v7e-m/nofp\libg.a(lib_a-sbrkr.o)
                0x0001c264                _sbrk_r
 .text.raise    0x0001c288       0x5c c:/gcc-arm-none-eabi-10.3-2021.10/bin/../lib/gcc/arm-none-eabi/10.3.1/../../../../arm-none-eabi/lib/thumb/v7e-m/nofp\libg.a(lib_a-signal.o)
                0x0001c288                raise
 .text._kill_r  0x0001c2e4       0x2c c:/gcc-arm-none-eabi-10.3-2021.10/bin/../lib/gcc/arm-none-eabi/10.3.1/../../../../arm-none-eabi/lib/thumb/v7e-m/nofp\libg.a(lib_a-signalr.o)
                0x0001c2e4                _kill_r
 .text._getpid_r
                0x0001c310        0x4 c:/gcc-arm-none-eabi-10.3-2021.10/bin/../lib/gcc/arm-none-eabi/10.3.1/../../../../arm-none-eabi/lib/thumb/v7e-m/nofp\libg.a(lib_a-signalr.o)
                0x0001c310                _getpid_r
 .text.sprintf  0x0001c314       0x40 c:/gcc-arm-none-eabi-10.3-2021.10/bin/../lib/gcc/arm-none-eabi/10.3.1/../../../../arm-none-eabi/lib/thumb/v7e-m/nofp\libg.a(lib_a-sprintf.o)
                0x0001c314                sprintf
 *fill*         0x0001c354        0xc 
 .text          0x0001c360      0x2dc c:/gcc-arm-none-eabi-10.3-2021.10/bin/../lib/gcc/arm-none-eabi/10.3.1/../../../../arm-none-eabi/lib/thumb/v7e-m/nofp\libg.a(lib_a-strcmp.o)
                0x0001c368                strcmp
 *fill*         0x0001c63c        0x4 
 .text          0x0001c640       0xdc c:/gcc-arm-none-eabi-10.3-2021.10/bin/../lib/gcc/arm-none-eabi/10.3.1/../../../../arm-none-eabi/lib/thumb/v7e-m/nofp\libg.a(lib_a-strlen.o)
                0x0001c640                strlen
 .text.strncmp  0x0001c71c       0x80 c:/gcc-arm-none-eabi-10.3-2021.10/bin/../lib/gcc/arm-none-eabi/10.3.1/../../../../arm-none-eabi/lib/thumb/v7e-m/nofp\libg.a(lib_a-strncmp.o)
                0x0001c71c                strncmp
 .text._svfprintf_r
                0x0001c79c     0x1a3c c:/gcc-arm-none-eabi-10.3-2021.10/bin/../lib/gcc/arm-none-eabi/10.3.1/../../../../arm-none-eabi/lib/thumb/v7e-m/nofp\libg.a(lib_a-svfprintf.o)
                0x0001c79c                _svfprintf_r
 .text.__swbuf_r
                0x0001e1d8       0xb0 c:/gcc-arm-none-eabi-10.3-2021.10/bin/../lib/gcc/arm-none-eabi/10.3.1/../../../../arm-none-eabi/lib/thumb/v7e-m/nofp\libg.a(lib_a-wbuf.o)
                0x0001e1d8                __swbuf_r
 .text._write_r
                0x0001e288       0x2c c:/gcc-arm-none-eabi-10.3-2021.10/bin/../lib/gcc/arm-none-eabi/10.3.1/../../../../arm-none-eabi/lib/thumb/v7e-m/nofp\libg.a(lib_a-writer.o)
                0x0001e288                _write_r
 .text.__swsetup_r
                0x0001e2b4       0xd4 c:/gcc-arm-none-eabi-10.3-2021.10/bin/../lib/gcc/arm-none-eabi/10.3.1/../../../../arm-none-eabi/lib/thumb/v7e-m/nofp\libg.a(lib_a-wsetup.o)
                0x0001e2b4                __swsetup_r
 .text.startup.register_fini
                0x0001e388       0x14 c:/gcc-arm-none-eabi-10.3-2021.10/bin/../lib/gcc/arm-none-eabi/10.3.1/../../../../arm-none-eabi/lib/thumb/v7e-m/nofp\libg.a(lib_a-__call_atexit.o)
 .text.atexit   0x0001e39c        0xc c:/gcc-arm-none-eabi-10.3-2021.10/bin/../lib/gcc/arm-none-eabi/10.3.1/../../../../arm-none-eabi/lib/thumb/v7e-m/nofp\libg.a(lib_a-atexit.o)
                0x0001e39c                atexit
 .text._close_r
                0x0001e3a8       0x24 c:/gcc-arm-none-eabi-10.3-2021.10/bin/../lib/gcc/arm-none-eabi/10.3.1/../../../../arm-none-eabi/lib/thumb/v7e-m/nofp\libg.a(lib_a-closer.o)
                0x0001e3a8                _close_r
 .text.quorem   0x0001e3cc      0x124 c:/gcc-arm-none-eabi-10.3-2021.10/bin/../lib/gcc/arm-none-eabi/10.3.1/../../../../arm-none-eabi/lib/thumb/v7e-m/nofp\libg.a(lib_a-dtoa.o)
 .text._dtoa_r  0x0001e4f0      0xec4 c:/gcc-arm-none-eabi-10.3-2021.10/bin/../lib/gcc/arm-none-eabi/10.3.1/../../../../arm-none-eabi/lib/thumb/v7e-m/nofp\libg.a(lib_a-dtoa.o)
                0x0001e4f0                _dtoa_r
 .text.__sflush_r
                0x0001f3b4      0x120 c:/gcc-arm-none-eabi-10.3-2021.10/bin/../lib/gcc/arm-none-eabi/10.3.1/../../../../arm-none-eabi/lib/thumb/v7e-m/nofp\libg.a(lib_a-fflush.o)
                0x0001f3b4                __sflush_r